Archive member included to satisfy reference by file (symbol)

c:/mounriver/mounriver_studio/toolchain/risc-v embedded gcc/bin/../lib/gcc/riscv-none-embed/8.2.0/rv32imacxw/ilp32\libgcc.a(save-restore.o)
                              ./User/PD_Process.o (__riscv_save_8)
c:/mounriver/mounriver_studio/toolchain/risc-v embedded gcc/bin/../lib/gcc/riscv-none-embed/8.2.0/../../../../riscv-none-embed/lib/rv32imacxw/ilp32\libg_nano.a(lib_a-atol.o)
                              ./User/signal_led.o (atol)
c:/mounriver/mounriver_studio/toolchain/risc-v embedded gcc/bin/../lib/gcc/riscv-none-embed/8.2.0/../../../../riscv-none-embed/lib/rv32imacxw/ilp32\libg_nano.a(lib_a-memcpy.o)
                              ./User/PD_Process.o (memcpy)
c:/mounriver/mounriver_studio/toolchain/risc-v embedded gcc/bin/../lib/gcc/riscv-none-embed/8.2.0/../../../../riscv-none-embed/lib/rv32imacxw/ilp32\libg_nano.a(lib_a-memset.o)
                              ./User/PD_Process.o (memset)
c:/mounriver/mounriver_studio/toolchain/risc-v embedded gcc/bin/../lib/gcc/riscv-none-embed/8.2.0/../../../../riscv-none-embed/lib/rv32imacxw/ilp32\libg_nano.a(lib_a-printf.o)
                              ./User/PD_Process.o (printf)
c:/mounriver/mounriver_studio/toolchain/risc-v embedded gcc/bin/../lib/gcc/riscv-none-embed/8.2.0/../../../../riscv-none-embed/lib/rv32imacxw/ilp32\libg_nano.a(lib_a-puts.o)
                              ./User/PD_Process.o (puts)
c:/mounriver/mounriver_studio/toolchain/risc-v embedded gcc/bin/../lib/gcc/riscv-none-embed/8.2.0/../../../../riscv-none-embed/lib/rv32imacxw/ilp32\libg_nano.a(lib_a-strlen.o)
                              ./User/signal_led.o (strlen)
c:/mounriver/mounriver_studio/toolchain/risc-v embedded gcc/bin/../lib/gcc/riscv-none-embed/8.2.0/../../../../riscv-none-embed/lib/rv32imacxw/ilp32\libg_nano.a(lib_a-strtol.o)
                              c:/mounriver/mounriver_studio/toolchain/risc-v embedded gcc/bin/../lib/gcc/riscv-none-embed/8.2.0/../../../../riscv-none-embed/lib/rv32imacxw/ilp32\libg_nano.a(lib_a-atol.o) (_strtol_r)
c:/mounriver/mounriver_studio/toolchain/risc-v embedded gcc/bin/../lib/gcc/riscv-none-embed/8.2.0/../../../../riscv-none-embed/lib/rv32imacxw/ilp32\libg_nano.a(lib_a-wbuf.o)
                              c:/mounriver/mounriver_studio/toolchain/risc-v embedded gcc/bin/../lib/gcc/riscv-none-embed/8.2.0/../../../../riscv-none-embed/lib/rv32imacxw/ilp32\libg_nano.a(lib_a-puts.o) (__swbuf_r)
c:/mounriver/mounriver_studio/toolchain/risc-v embedded gcc/bin/../lib/gcc/riscv-none-embed/8.2.0/../../../../riscv-none-embed/lib/rv32imacxw/ilp32\libg_nano.a(lib_a-wsetup.o)
                              c:/mounriver/mounriver_studio/toolchain/risc-v embedded gcc/bin/../lib/gcc/riscv-none-embed/8.2.0/../../../../riscv-none-embed/lib/rv32imacxw/ilp32\libg_nano.a(lib_a-puts.o) (__swsetup_r)
c:/mounriver/mounriver_studio/toolchain/risc-v embedded gcc/bin/../lib/gcc/riscv-none-embed/8.2.0/../../../../riscv-none-embed/lib/rv32imacxw/ilp32\libg_nano.a(lib_a-fflush.o)
                              c:/mounriver/mounriver_studio/toolchain/risc-v embedded gcc/bin/../lib/gcc/riscv-none-embed/8.2.0/../../../../riscv-none-embed/lib/rv32imacxw/ilp32\libg_nano.a(lib_a-wbuf.o) (_fflush_r)
c:/mounriver/mounriver_studio/toolchain/risc-v embedded gcc/bin/../lib/gcc/riscv-none-embed/8.2.0/../../../../riscv-none-embed/lib/rv32imacxw/ilp32\libg_nano.a(lib_a-findfp.o)
                              c:/mounriver/mounriver_studio/toolchain/risc-v embedded gcc/bin/../lib/gcc/riscv-none-embed/8.2.0/../../../../riscv-none-embed/lib/rv32imacxw/ilp32\libg_nano.a(lib_a-printf.o) (__sinit)
c:/mounriver/mounriver_studio/toolchain/risc-v embedded gcc/bin/../lib/gcc/riscv-none-embed/8.2.0/../../../../riscv-none-embed/lib/rv32imacxw/ilp32\libg_nano.a(lib_a-fwalk.o)
                              c:/mounriver/mounriver_studio/toolchain/risc-v embedded gcc/bin/../lib/gcc/riscv-none-embed/8.2.0/../../../../riscv-none-embed/lib/rv32imacxw/ilp32\libg_nano.a(lib_a-findfp.o) (_fwalk)
c:/mounriver/mounriver_studio/toolchain/risc-v embedded gcc/bin/../lib/gcc/riscv-none-embed/8.2.0/../../../../riscv-none-embed/lib/rv32imacxw/ilp32\libg_nano.a(lib_a-impure.o)
                              c:/mounriver/mounriver_studio/toolchain/risc-v embedded gcc/bin/../lib/gcc/riscv-none-embed/8.2.0/../../../../riscv-none-embed/lib/rv32imacxw/ilp32\libg_nano.a(lib_a-fflush.o) (_global_impure_ptr)
c:/mounriver/mounriver_studio/toolchain/risc-v embedded gcc/bin/../lib/gcc/riscv-none-embed/8.2.0/../../../../riscv-none-embed/lib/rv32imacxw/ilp32\libg_nano.a(lib_a-locale.o)
                              c:/mounriver/mounriver_studio/toolchain/risc-v embedded gcc/bin/../lib/gcc/riscv-none-embed/8.2.0/../../../../riscv-none-embed/lib/rv32imacxw/ilp32\libg_nano.a(lib_a-strtol.o) (__locale_ctype_ptr_l)
[...]
Memory Configuration

Name             Origin             Length             Attributes
FLASH            0x0000000000000000 0x000000000000f800 xr
RAM              0x0000000020000000 0x0000000000005000 xrw
*default*        0x0000000000000000 0xffffffffffffffff

Linker script and memory map

LOAD ./User/PD_Process.o
LOAD ./User/button.o
LOAD ./User/ch32x035_it.o
LOAD ./User/key.o
LOAD ./User/led.o
LOAD ./User/main.o
LOAD ./User/my_I2C_Device.o
LOAD ./User/my_PD_Device.o
LOAD ./User/my_PD_Valve.o
LOAD ./User/my_SPI_Slave.o
LOAD ./User/signal_led.o
LOAD ./User/system_ch32x035.o
LOAD ./User/valve_work.o
LOAD ./User/water_work.o
LOAD ./Startup/startup_ch32x035.o
LOAD ./Peripheral/src/ch32x035_adc.o
LOAD ./Peripheral/src/ch32x035_awu.o
LOAD ./Peripheral/src/ch32x035_dbgmcu.o
LOAD ./Peripheral/src/ch32x035_dma.o
LOAD ./Peripheral/src/ch32x035_exti.o
LOAD ./Peripheral/src/ch32x035_flash.o
LOAD ./Peripheral/src/ch32x035_gpio.o
LOAD ./Peripheral/src/ch32x035_i2c.o
LOAD ./Peripheral/src/ch32x035_iwdg.o
LOAD ./Peripheral/src/ch32x035_misc.o
LOAD ./Peripheral/src/ch32x035_opa.o
LOAD ./Peripheral/src/ch32x035_pwr.o
LOAD ./Peripheral/src/ch32x035_rcc.o
LOAD ./Peripheral/src/ch32x035_spi.o
LOAD ./Peripheral/src/ch32x035_tim.o
LOAD ./Peripheral/src/ch32x035_usart.o
LOAD ./Peripheral/src/ch32x035_wwdg.o
LOAD ./Debug/debug.o
LOAD ./Core/core_riscv.o
LOAD c:/mounriver/mounriver_studio/toolchain/risc-v embedded gcc/bin/../lib/gcc/riscv-none-embed/8.2.0/rv32imacxw/ilp32\libgcc.a
LOAD c:/mounriver/mounriver_studio/toolchain/risc-v embedded gcc/bin/../lib/gcc/riscv-none-embed/8.2.0/../../../../riscv-none-embed/lib/rv32imacxw/ilp32\libg_nano.a
LOAD c:/mounriver/mounriver_studio/toolchain/risc-v embedded gcc/bin/../lib/gcc/riscv-none-embed/8.2.0/../../../../riscv-none-embed/lib/rv32imacxw/ilp32\libc_nano.a
LOAD c:/mounriver/mounriver_studio/toolchain/risc-v embedded gcc/bin/../lib/gcc/riscv-none-embed/8.2.0/rv32imacxw/ilp32\libgcc.a
START GROUP
LOAD c:/mounriver/mounriver_studio/toolchain/risc-v embedded gcc/bin/../lib/gcc/riscv-none-embed/8.2.0/rv32imacxw/ilp32\libgcc.a
LOAD c:/mounriver/mounriver_studio/toolchain/risc-v embedded gcc/bin/../lib/gcc/riscv-none-embed/8.2.0/../../../../riscv-none-embed/lib/rv32imacxw/ilp32\libc_nano.a
LOAD c:/mounriver/mounriver_studio/toolchain/risc-v embedded gcc/bin/../lib/gcc/riscv-none-embed/8.2.0/../../../../riscv-none-embed/lib/rv32imacxw/ilp32\libnosys.a
END GROUP
START GROUP
LOAD c:/mounriver/mounriver_studio/toolchain/risc-v embedded gcc/bin/../lib/gcc/riscv-none-embed/8.2.0/rv32imacxw/ilp32\libgcc.a
LOAD c:/mounriver/mounriver_studio/toolchain/risc-v embedded gcc/bin/../lib/gcc/riscv-none-embed/8.2.0/../../../../riscv-none-embed/lib/rv32imacxw/ilp32\libc_nano.a
LOAD c:/mounriver/mounriver_studio/toolchain/risc-v embedded gcc/bin/../lib/gcc/riscv-none-embed/8.2.0/../../../../riscv-none-embed/lib/rv32imacxw/ilp32\libnosys.a
END GROUP
                0x0000000000001000                __stack_size = 0x1000
                [!provide]                        PROVIDE (_stack_size = __stack_size)

.init           0x0000000000000000        0x4
                0x0000000000000000                _sinit = .
                0x0000000000000000                . = ALIGN (0x4)
 *(SORT_NONE(.init))
 .init          0x0000000000000000        0x4 ./Startup/startup_ch32x035.o
                0x0000000000000000                _start
                0x0000000000000004                . = ALIGN (0x4)
                0x0000000000000004                _einit = .

.vector         0x0000000000000004       0xfc
 *(.vector)
 .vector        0x0000000000000004       0xdc ./Startup/startup_ch32x035.o
                0x0000000000000100                . = ALIGN (0x40)
 *fill*         0x00000000000000e0       0x20 

.text           0x0000000000000100     0x5f94
                0x0000000000000100                . = ALIGN (0x4)
 *(.text)
 .text          0x0000000000000100       0x60 c:/mounriver/mounriver_studio/toolchain/risc-v embedded gcc/bin/../lib/gcc/riscv-none-embed/8.2.0/rv32imacxw/ilp32\libgcc.a(save-restore.o)
                0x0000000000000100                __riscv_save_12
                0x0000000000000108                __riscv_save_9
                0x0000000000000108                __riscv_save_11
                0x0000000000000108                __riscv_save_10
                0x0000000000000108                __riscv_save_8
                0x0000000000000116                __riscv_save_4
                0x0000000000000116                __riscv_save_6
                0x0000000000000116                __riscv_save_5
                0x0000000000000116                __riscv_save_7
                0x0000000000000130                __riscv_save_3
                0x0000000000000130                __riscv_save_2
                0x0000000000000130                __riscv_save_1
                0x0000000000000130                __riscv_save_0
                0x000000000000013c                __riscv_restore_12
                0x0000000000000140                __riscv_restore_11
                0x0000000000000140                __riscv_restore_9
                0x0000000000000140                __riscv_restore_10
                0x0000000000000140                __riscv_restore_8
                0x000000000000014a                __riscv_restore_5
                0x000000000000014a                __riscv_restore_7
                0x000000000000014a                __riscv_restore_6
                0x000000000000014a                __riscv_restore_4
                0x0000000000000154                __riscv_restore_3
                0x0000000000000154                __riscv_restore_0
                0x0000000000000154                __riscv_restore_2
                0x0000000000000154                __riscv_restore_1
 .text          0x0000000000000160       0xa8 c:/mounriver/mounriver_studio/toolchain/risc-v embedded gcc/bin/../lib/gcc/riscv-none-embed/8.2.0/../../../../riscv-none-embed/lib/rv32imacxw/ilp32\libg_nano.a(lib_a-memset.o)
                0x0000000000000160                memset
 *(.text.*)
 .text.my_set_Vbus_Current
                0x0000000000000208       0x44 ./User/PD_Process.o
                0x0000000000000208                my_set_Vbus_Current
 .text.my_switch_state_pd
                0x000000000000024c        0xc ./User/PD_Process.o
                0x000000000000024c                my_switch_state_pd
 .text.get_PD_Vbus_Current
                0x0000000000000258       0x26 ./User/PD_Process.o
                0x0000000000000258                get_PD_Vbus_Current
 .text.PD_Rx_Mode
                0x000000000000027e       0x52 ./User/PD_Process.o
                0x000000000000027e                PD_Rx_Mode
 .text.PD_SRC_Init
                0x00000000000002d0       0x1e ./User/PD_Process.o
                0x00000000000002d0                PD_SRC_Init
 .text.PD_SINK_Init
                0x00000000000002ee       0x1a ./User/PD_Process.o
                0x00000000000002ee                PD_SINK_Init
 .text.PD_PHY_Reset
                0x0000000000000308       0x50 ./User/PD_Process.o
                0x0000000000000308                PD_PHY_Reset
 .text.PD_Init  0x0000000000000358       0x58 ./User/PD_Process.o
                0x0000000000000358                PD_Init
 .text.PD_Detect
                0x00000000000003b0      0x286 ./User/PD_Process.o
                0x00000000000003b0                PD_Detect
 .text.PD_Det_Proc
                0x0000000000000636      0x170 ./User/PD_Process.o
                0x0000000000000636                PD_Det_Proc
 .text.PD_Phy_SendPack
                0x00000000000007a6       0xbe ./User/PD_Process.o
                0x00000000000007a6                PD_Phy_SendPack
 .text.USBPD_IRQHandler
                0x0000000000000864       0xf4 ./User/PD_Process.o
                0x0000000000000864                USBPD_IRQHandler
 .text.PD_Send_Handle.part.3
                0x0000000000000958       0xb0 ./User/PD_Process.o
 .text.PD_Load_Header
                0x0000000000000a08       0x4e ./User/PD_Process.o
                0x0000000000000a08                PD_Load_Header
 .text.PD_Send_Handle
                0x0000000000000a56       0x1e ./User/PD_Process.o
                0x0000000000000a56                PD_Send_Handle
 .text.PD_Save_Adapter_SrcCap
                0x0000000000000a74       0x66 ./User/PD_Process.o
                0x0000000000000a74                PD_Save_Adapter_SrcCap
 .text.PD_PDO_Analyse
                0x0000000000000ada       0x36 ./User/PD_Process.o
                0x0000000000000ada                PD_PDO_Analyse
 .text.PDO_Request
                0x0000000000000b10       0xae ./User/PD_Process.o
                0x0000000000000b10                PDO_Request
 .text.PD_Main_Proc
                0x0000000000000bbe      0x4ca ./User/PD_Process.o
                0x0000000000000bbe                PD_Main_Proc
 .text.my_pd_connect_valve
                0x0000000000001088       0xc6 ./User/PD_Process.o
                0x0000000000001088                my_pd_connect_valve
 .text.my_pd_close_valve
                0x000000000000114e       0x20 ./User/PD_Process.o
                0x000000000000114e                my_pd_close_valve
 .text.my_pd_open_valve
                0x000000000000116e       0x20 ./User/PD_Process.o
                0x000000000000116e                my_pd_open_valve
 .text.my_pd_check_valve
                0x000000000000118e       0x20 ./User/PD_Process.o
                0x000000000000118e                my_pd_check_valve
 .text.Button_Create
                0x00000000000011ae       0x94 ./User/button.o
                0x00000000000011ae                Button_Create
 .text.Button_Attach
                0x0000000000001242       0x42 ./User/button.o
                0x0000000000001242                Button_Attach
 .text.Button_Cycle_Process
                0x0000000000001284       0x94 ./User/button.o
                0x0000000000001284                Button_Cycle_Process
 .text.button_handle
                0x0000000000001318       0x16 ./User/button.o
                0x0000000000001318                button_handle
 .text.NMI_Handler
                0x000000000000132e        0x2 ./User/ch32x035_it.o
                0x000000000000132e                NMI_Handler
 .text.HardFault_Handler
                0x0000000000001330        0x2 ./User/ch32x035_it.o
                0x0000000000001330                HardFault_Handler
 .text.key_on_click_handle
                0x0000000000001332       0x38 ./User/key.o
                0x0000000000001332                key_on_click_handle
 .text.key_off_click_handle
                0x000000000000136a       0x46 ./User/key.o
                0x000000000000136a                key_off_click_handle
 .text.water_leak_up_callback
                0x00000000000013b0       0x18 ./User/key.o
                0x00000000000013b0                water_leak_up_callback
 .text.water_leak_down_callback
                0x00000000000013c8       0x22 ./User/key.o
                0x00000000000013c8                water_leak_down_callback
 .text.water_lost_plugout_callback
                0x00000000000013ea       0x22 ./User/key.o
                0x00000000000013ea                water_lost_plugout_callback
 .text.water_lost_plugin_callback
                0x000000000000140c       0x18 ./User/key.o
                0x000000000000140c                water_lost_plugin_callback
 .text.read_key_on
                0x0000000000001424       0x16 ./User/key.o
                0x0000000000001424                read_key_on
 .text.read_key_off
                0x000000000000143a       0x16 ./User/key.o
                0x000000000000143a                read_key_off
 .text.read_water_leak
                0x0000000000001450       0x12 ./User/key.o
                0x0000000000001450                read_water_leak
 .text.read_water_lost
                0x0000000000001462       0x18 ./User/key.o
                0x0000000000001462                read_water_lost
 .text.button_init
                0x000000000000147a      0x126 ./User/key.o
                0x000000000000147a                button_init
 .text.beep_close
                0x00000000000015a0       0x1a ./User/led.o
 .text.beep_on  0x00000000000015ba       0x1a ./User/led.o
 .text.on_green_off
                0x00000000000015d4       0x18 ./User/led.o
 .text.off_red_off
                0x00000000000015ec       0x1a ./User/led.o
 .text.off_red_on
                0x0000000000001606       0x1a ./User/led.o
 .text.on_green_on
                0x0000000000001620       0x20 ./User/led.o
 .text.led_handle
                0x0000000000001640       0x1e ./User/led.o
                0x0000000000001640                led_handle
 .text.beep_three_times
                0x000000000000165e       0x18 ./User/led.o
                0x000000000000165e                beep_three_times
 .text.led_valve_fail
                0x0000000000001676       0x38 ./User/led.o
                0x0000000000001676                led_valve_fail
 .text.led_moto_fail_start
                0x00000000000016ae       0x3c ./User/led.o
                0x00000000000016ae                led_moto_fail_start
 .text.led_master_lost_start
                0x00000000000016ea       0x3c ./User/led.o
                0x00000000000016ea                led_master_lost_start
 .text.led_water_alarm_start
                0x0000000000001726       0x3c ./User/led.o
                0x0000000000001726                led_water_alarm_start
 .text.beep_stop
                0x0000000000001762       0x18 ./User/led.o
                0x0000000000001762                beep_stop
 .text.beep_key_down
                0x000000000000177a       0x18 ./User/led.o
                0x000000000000177a                beep_key_down
 .text.beep_once
                0x0000000000001792       0x10 ./User/led.o
                0x0000000000001792                beep_once
 .text.led_valve_on_pause
                0x00000000000017a2       0x16 ./User/led.o
                0x00000000000017a2                led_valve_on_pause
 .text.led_valve_on_resume
                0x00000000000017b8       0x1a ./User/led.o
                0x00000000000017b8                led_valve_on_resume
 .text.led_ntc_alarm
                0x00000000000017d2       0x54 ./User/led.o
                0x00000000000017d2                led_ntc_alarm
 .text.led_valve_on
                0x0000000000001826       0x2c ./User/led.o
                0x0000000000001826                led_valve_on
 .text.led_valve_off
                0x0000000000001852       0x10 ./User/led.o
                0x0000000000001852                led_valve_off
 .text.led_warn_off
                0x0000000000001862       0x10 ./User/led.o
                0x0000000000001862                led_warn_off
 .text.led_loss_off
                0x0000000000001872       0x10 ./User/led.o
                0x0000000000001872                led_loss_off
 .text.led_init
                0x0000000000001882      0x1c6 ./User/led.o
                0x0000000000001882                led_init
 .text.my_rcc   0x0000000000001a48       0x16 ./User/main.o
                0x0000000000001a48                my_rcc
 .text.IWDG_Feed_Init
                0x0000000000001a5e       0x32 ./User/main.o
                0x0000000000001a5e                IWDG_Feed_Init
 .text.startup.main
                0x0000000000001a90       0xbc ./User/main.o
                0x0000000000001a90                main
 .text.IIC_Init
                0x0000000000001b4c       0xac ./User/my_I2C_Device.o
                0x0000000000001b4c                IIC_Init
 .text.my_i2c_read_addr
                0x0000000000001bf8       0x18 ./User/my_I2C_Device.o
                0x0000000000001bf8                my_i2c_read_addr
 .text.my_i2c_write_addr
                0x0000000000001c10       0x14 ./User/my_I2C_Device.o
                0x0000000000001c10                my_i2c_write_addr
 .text.I2C1_EV_IRQHandler
                0x0000000000001c24      0x208 ./User/my_I2C_Device.o
                0x0000000000001c24                I2C1_EV_IRQHandler
 .text.I2C1_ER_IRQHandler
                0x0000000000001e2c       0x3e ./User/my_I2C_Device.o
                0x0000000000001e2c                I2C1_ER_IRQHandler
 .text.get_I2C_Status
                0x0000000000001e6a       0xf8 ./User/my_I2C_Device.o
                0x0000000000001e6a                get_I2C_Status
 .text.my_SC8726_Init
                0x0000000000001f62       0x16 ./User/my_I2C_Device.o
                0x0000000000001f62                my_SC8726_Init
 .text.my_SC8726_Set_Out_Vbus
                0x0000000000001f78       0x74 ./User/my_I2C_Device.o
                0x0000000000001f78                my_SC8726_Set_Out_Vbus
 .text.my_SC8726_Close_Vbus
                0x0000000000001fec       0x16 ./User/my_I2C_Device.o
                0x0000000000001fec                my_SC8726_Close_Vbus
 .text.get_SC8726_Vbus_Out_Status
                0x0000000000002002        0x6 ./User/my_I2C_Device.o
                0x0000000000002002                get_SC8726_Vbus_Out_Status
 .text.my_SC8726_Init_Handle
                0x0000000000002008       0xde ./User/my_I2C_Device.o
                0x0000000000002008                my_SC8726_Init_Handle
 .text.my_SC8726_Control_Handle
                0x00000000000020e6      0x166 ./User/my_I2C_Device.o
                0x00000000000020e6                my_SC8726_Control_Handle
 .text.my_SC8726_Handle
                0x000000000000224c       0x28 ./User/my_I2C_Device.o
                0x000000000000224c                my_SC8726_Handle
 .text.set_sc8726_select
                0x0000000000002274       0x7e ./User/my_I2C_Device.o
                0x0000000000002274                set_sc8726_select
 .text.pd_chip_lock_voltage_set
                0x00000000000022f2        0x6 ./User/my_PD_Device.o
                0x00000000000022f2                pd_chip_lock_voltage_set
 .text.pd_chip_lock_voltage_get
                0x00000000000022f8        0x6 ./User/my_PD_Device.o
                0x00000000000022f8                pd_chip_lock_voltage_get
 .text.TIM1_Init
                0x00000000000022fe       0x62 ./User/my_PD_Device.o
                0x00000000000022fe                TIM1_Init
 .text.TIM2_Init
                0x0000000000002360       0x72 ./User/my_PD_Device.o
                0x0000000000002360                TIM2_Init
 .text.get_PD_Status
                0x00000000000023d2        0x6 ./User/my_PD_Device.o
                0x00000000000023d2                get_PD_Status
 .text.my_PD_Status_init
                0x00000000000023d8       0x3e ./User/my_PD_Device.o
                0x00000000000023d8                my_PD_Status_init
 .text.set_PD_STATUS_SRC
                0x0000000000002416       0x16 ./User/my_PD_Device.o
                0x0000000000002416                set_PD_STATUS_SRC
 .text.set_PD_STATUS_SNK
                0x000000000000242c       0x14 ./User/my_PD_Device.o
                0x000000000000242c                set_PD_STATUS_SNK
 .text.GPIO_Toggle_INIT
                0x0000000000002440       0x96 ./User/my_PD_Device.o
                0x0000000000002440                GPIO_Toggle_INIT
 .text.my_VBus_Countrol
                0x00000000000024d6       0x8c ./User/my_PD_Device.o
                0x00000000000024d6                my_VBus_Countrol
 .text.my_TIM_Handle
                0x0000000000002562       0x38 ./User/my_PD_Device.o
                0x0000000000002562                my_TIM_Handle
 .text.my_PD_Handle
                0x000000000000259a       0x32 ./User/my_PD_Device.o
                0x000000000000259a                my_PD_Handle
 .text.TIM1_UP_IRQHandler
                0x00000000000025cc       0x44 ./User/my_PD_Device.o
                0x00000000000025cc                TIM1_UP_IRQHandler
 .text.TIM2_UP_IRQHandler
                0x0000000000002610       0x24 ./User/my_PD_Device.o
                0x0000000000002610                TIM2_UP_IRQHandler
 .text.my_valve_check_Handle
                0x0000000000002634       0x38 ./User/my_PD_Device.o
                0x0000000000002634                my_valve_check_Handle
 .text.my_Valve_Connect_PD
                0x000000000000266c        0xc ./User/my_PD_Valve.o
                0x000000000000266c                my_Valve_Connect_PD
 .text.my_Valve_Connect_SPI
                0x0000000000002678        0xc ./User/my_PD_Valve.o
                0x0000000000002678                my_Valve_Connect_SPI
 .text.my_Valve_Disconnect
                0x0000000000002684       0x1e ./User/my_PD_Valve.o
                0x0000000000002684                my_Valve_Disconnect
 .text.my_Valve_Controls_Open
                0x00000000000026a2       0x3e ./User/my_PD_Valve.o
                0x00000000000026a2                my_Valve_Controls_Open
 .text.my_Valve_Controls_Close
                0x00000000000026e0       0x3e ./User/my_PD_Valve.o
                0x00000000000026e0                my_Valve_Controls_Close
 .text.my_Valve_Controls_Check
                0x000000000000271e       0x42 ./User/my_PD_Valve.o
                0x000000000000271e                my_Valve_Controls_Check
 .text.my_Valve_Set_power_error
                0x0000000000002760        0x6 ./User/my_PD_Valve.o
                0x0000000000002760                my_Valve_Set_power_error
 .text.my_Valve_Set_check_error
                0x0000000000002766        0x6 ./User/my_PD_Valve.o
                0x0000000000002766                my_Valve_Set_check_error
 .text.my_Valve_Set_open_timeout
                0x000000000000276c        0x6 ./User/my_PD_Valve.o
                0x000000000000276c                my_Valve_Set_open_timeout
 .text.my_Valve_Set_close_timeout
                0x0000000000002772        0x6 ./User/my_PD_Valve.o
                0x0000000000002772                my_Valve_Set_close_timeout
 .text.my_Valve_Set_Status
                0x0000000000002778        0xa ./User/my_PD_Valve.o
                0x0000000000002778                my_Valve_Set_Status
 .text.my_Spi_Connect_Error
                0x0000000000002782        0x2 ./User/my_PD_Valve.o
                0x0000000000002782                my_Spi_Connect_Error
 .text.my_Valve_Get_Error
                0x0000000000002784       0x58 ./User/my_PD_Valve.o
                0x0000000000002784                my_Valve_Get_Error
 .text.my_PD_Valve_Receive
                0x00000000000027dc       0x8a ./User/my_PD_Valve.o
                0x00000000000027dc                my_PD_Valve_Receive
 .text.my_SPI_Device_Init
                0x0000000000002866       0xc4 ./User/my_SPI_Slave.o
                0x0000000000002866                my_SPI_Device_Init
 .text.my_SPI_Master_Init
                0x000000000000292a       0x1c ./User/my_SPI_Slave.o
                0x000000000000292a                my_SPI_Master_Init
 .text.my_spi_read
                0x0000000000002946       0x46 ./User/my_SPI_Slave.o
                0x0000000000002946                my_spi_read
 .text.my_spi_write
                0x000000000000298c       0x54 ./User/my_SPI_Slave.o
                0x000000000000298c                my_spi_write
 .text.SPI1_IRQHandler
                0x00000000000029e0      0x11a ./User/my_SPI_Slave.o
                0x00000000000029e0                SPI1_IRQHandler
 .text.my_spi_SNK
                0x0000000000002afa       0x22 ./User/my_SPI_Slave.o
                0x0000000000002afa                my_spi_SNK
 .text.my_spi_SRC
                0x0000000000002b1c        0x2 ./User/my_SPI_Slave.o
                0x0000000000002b1c                my_spi_SRC
 .text.my_spi_disconnect
                0x0000000000002b1e        0x2 ./User/my_SPI_Slave.o
                0x0000000000002b1e                my_spi_disconnect
 .text.my_time_tick
                0x0000000000002b20       0x1c ./User/my_SPI_Slave.o
                0x0000000000002b20                my_time_tick
 .text.my_spi_receive_show
                0x0000000000002b3c       0x4e ./User/my_SPI_Slave.o
                0x0000000000002b3c                my_spi_receive_show
 .text.my_spi_open_valve
                0x0000000000002b8a        0x8 ./User/my_SPI_Slave.o
                0x0000000000002b8a                my_spi_open_valve
 .text.my_spi_close_valve
                0x0000000000002b92        0x8 ./User/my_SPI_Slave.o
                0x0000000000002b92                my_spi_close_valve
 .text.my_spi_check_valve
                0x0000000000002b9a        0x8 ./User/my_SPI_Slave.o
                0x0000000000002b9a                my_spi_check_valve
 .text.my_spi_handle
                0x0000000000002ba2      0x3d2 ./User/my_SPI_Slave.o
                0x0000000000002ba2                my_spi_handle
 .text.led_create
                0x0000000000002f74       0x2a ./User/signal_led.o
                0x0000000000002f74                led_create
 .text.led_set_mode
                0x0000000000002f9e       0xc0 ./User/signal_led.o
                0x0000000000002f9e                led_set_mode
 .text.led_start
                0x000000000000305e       0x28 ./User/signal_led.o
                0x000000000000305e                led_start
 .text.led_stop
                0x0000000000003086       0x2e ./User/signal_led.o
                0x0000000000003086                led_stop
 .text.led_ticks
                0x00000000000030b4       0x9c ./User/signal_led.o
                0x00000000000030b4                led_ticks
 .text.SystemInit
                0x0000000000003150       0x42 ./User/system_ch32x035.o
                0x0000000000003150                SystemInit
 .text.SystemCoreClockUpdate
                0x0000000000003192       0x3a ./User/system_ch32x035.o
                0x0000000000003192                SystemCoreClockUpdate
 .text.valve_open_timer_callback
                0x00000000000031cc       0x74 ./User/valve_work.o
                0x00000000000031cc                valve_open_timer_callback
 .text.valve_close_timer_callback
                0x0000000000003240       0x74 ./User/valve_work.o
                0x0000000000003240                valve_close_timer_callback
 .text.valve_turn_control.part.2
                0x00000000000032b4       0x1c ./User/valve_work.o
 .text.valve_turn_control
                0x00000000000032d0       0x28 ./User/valve_work.o
                0x00000000000032d0                valve_turn_control
 .text.valva_check_timer_callback
                0x00000000000032f8       0xf0 ./User/valve_work.o
                0x00000000000032f8                valva_check_timer_callback
 .text.valve_open
                0x00000000000033e8       0x56 ./User/valve_work.o
                0x00000000000033e8                valve_open
 .text.valve_open_once_timer_callback
                0x000000000000343e        0xc ./User/valve_work.o
                0x000000000000343e                valve_open_once_timer_callback
 .text.valve_close
                0x000000000000344a       0x4c ./User/valve_work.o
                0x000000000000344a                valve_close
 .text.get_valve_status
                0x0000000000003496        0x6 ./User/valve_work.o
                0x0000000000003496                get_valve_status
 .text.valve_check
                0x000000000000349c       0x22 ./User/valve_work.o
                0x000000000000349c                valve_check
 .text.valve_detect_timer_callback
                0x00000000000034be        0xc ./User/valve_work.o
                0x00000000000034be                valve_detect_timer_callback
 .text.valve_timer_check
                0x00000000000034ca       0x30 ./User/valve_work.o
                0x00000000000034ca                valve_timer_check
 .text.valve_handle
                0x00000000000034fa       0x42 ./User/valve_work.o
                0x00000000000034fa                valve_handle
 .text.valve_init
                0x000000000000353c       0xe2 ./User/valve_work.o
                0x000000000000353c                valve_init
 .text.MasterSensorLostEventCallback
                0x000000000000361e       0x16 ./User/water_work.o
                0x000000000000361e                MasterSensorLostEventCallback
 .text.MasterSensorLeakEventCallback
                0x0000000000003634       0x1a ./User/water_work.o
                0x0000000000003634                MasterSensorLeakEventCallback
 .text.MasterLowTempEventCallback
                0x000000000000364e       0x16 ./User/water_work.o
                0x000000000000364e                MasterLowTempEventCallback
 .text.InternalValveFailEventCallback
                0x0000000000003664       0x16 ./User/water_work.o
                0x0000000000003664                InternalValveFailEventCallback
 .text.ExternalValveFailEventCallback
                0x000000000000367a       0x16 ./User/water_work.o
                0x000000000000367a                ExternalValveFailEventCallback
 .text.warning_enable
                0x0000000000003690       0x4c ./User/water_work.o
                0x0000000000003690                warning_enable
 .text.warning_event_bind
                0x00000000000036dc       0x10 ./User/water_work.o
                0x00000000000036dc                warning_event_bind
 .text.MasterStatusChangeToDeAvtive
                0x00000000000036ec        0x8 ./User/water_work.o
                0x00000000000036ec                MasterStatusChangeToDeAvtive
 .text.warning_init
                0x00000000000036f4       0x7a ./User/water_work.o
                0x00000000000036f4                warning_init
 .text.warning_all_clear
                0x000000000000376e       0x28 ./User/water_work.o
                0x000000000000376e                warning_all_clear
 .text.valvefail_warning_disable
                0x0000000000003796       0x1a ./User/water_work.o
                0x0000000000003796                valvefail_warning_disable
 .text.warning_lost_clear
                0x00000000000037b0       0x26 ./User/water_work.o
                0x00000000000037b0                warning_lost_clear
 .text.vector_handler
                0x00000000000037d6        0x2 ./Startup/startup_ch32x035.o
                0x00000000000037d6                TIM1_CC_IRQHandler
                0x00000000000037d6                SysTick_Handler
                0x00000000000037d6                PVD_IRQHandler
                0x00000000000037d6                EXTI25_16_IRQHandler
                0x00000000000037d6                USBFS_IRQHandler
                0x00000000000037d6                Break_Point_Handler
                0x00000000000037d6                TIM2_TRG_COM_IRQHandler
                0x00000000000037d6                TIM2_CC_IRQHandler
                0x00000000000037d6                AWU_IRQHandler
                0x00000000000037d6                EXTI7_0_IRQHandler
                0x00000000000037d6                Ecall_M_Mode_Handler
                0x00000000000037d6                DMA1_Channel4_IRQHandler
                0x00000000000037d6                ADC1_IRQHandler
                0x00000000000037d6                TIM2_BRK_IRQHandler
                0x00000000000037d6                USART3_IRQHandler
                0x00000000000037d6                DMA1_Channel7_IRQHandler
                0x00000000000037d6                USBPDWakeUp_IRQHandler
                0x00000000000037d6                EXTI15_8_IRQHandler
                0x00000000000037d6                USART4_IRQHandler
                0x00000000000037d6                DMA1_Channel6_IRQHandler
                0x00000000000037d6                TIM3_IRQHandler
                0x00000000000037d6                TIM1_TRG_COM_IRQHandler
                0x00000000000037d6                DMA1_Channel1_IRQHandler
                0x00000000000037d6                DMA1_Channel8_IRQHandler
                0x00000000000037d6                PIOC_IRQHandler
                0x00000000000037d6                DMA1_Channel5_IRQHandler
                0x00000000000037d6                DMA1_Channel3_IRQHandler
                0x00000000000037d6                WWDG_IRQHandler
                0x00000000000037d6                Ecall_U_Mode_Handler
                0x00000000000037d6                SW_Handler
                0x00000000000037d6                TIM1_BRK_IRQHandler
                0x00000000000037d6                OPA_IRQHandler
                0x00000000000037d6                USART2_IRQHandler
                0x00000000000037d6                DMA1_Channel2_IRQHandler
                0x00000000000037d6                FLASH_IRQHandler
                0x00000000000037d6                USBFSWakeUp_IRQHandler
                0x00000000000037d6                USART1_IRQHandler
 .text.handle_reset
                0x00000000000037d8       0x8a ./Startup/startup_ch32x035.o
                0x00000000000037d8                handle_reset
 .text.DBGMCU_GetCHIPID
                0x0000000000003862        0xa ./Peripheral/src/ch32x035_dbgmcu.o
                0x0000000000003862                DBGMCU_GetCHIPID
 .text.GPIO_Init
                0x000000000000386c      0x16e ./Peripheral/src/ch32x035_gpio.o
                0x000000000000386c                GPIO_Init
 .text.GPIO_ReadInputDataBit
                0x00000000000039da        0xa ./Peripheral/src/ch32x035_gpio.o
                0x00000000000039da                GPIO_ReadInputDataBit
 .text.GPIO_WriteBit
                0x00000000000039e4       0x14 ./Peripheral/src/ch32x035_gpio.o
                0x00000000000039e4                GPIO_WriteBit
 .text.GPIO_PinRemapConfig
                0x00000000000039f8       0xa0 ./Peripheral/src/ch32x035_gpio.o
                0x00000000000039f8                GPIO_PinRemapConfig
 .text.I2C_Init
                0x0000000000003a98       0xce ./Peripheral/src/ch32x035_i2c.o
                0x0000000000003a98                I2C_Init
 .text.I2C_Cmd  0x0000000000003b66       0x18 ./Peripheral/src/ch32x035_i2c.o
                0x0000000000003b66                I2C_Cmd
 .text.I2C_GenerateSTART
                0x0000000000003b7e       0x1a ./Peripheral/src/ch32x035_i2c.o
                0x0000000000003b7e                I2C_GenerateSTART
 .text.I2C_GenerateSTOP
                0x0000000000003b98       0x1a ./Peripheral/src/ch32x035_i2c.o
                0x0000000000003b98                I2C_GenerateSTOP
 .text.I2C_AcknowledgeConfig
                0x0000000000003bb2       0x1a ./Peripheral/src/ch32x035_i2c.o
                0x0000000000003bb2                I2C_AcknowledgeConfig
 .text.I2C_ITConfig
                0x0000000000003bcc       0x12 ./Peripheral/src/ch32x035_i2c.o
                0x0000000000003bcc                I2C_ITConfig
 .text.I2C_SendData
                0x0000000000003bde        0x4 ./Peripheral/src/ch32x035_i2c.o
                0x0000000000003bde                I2C_SendData
 .text.I2C_ReceiveData
                0x0000000000003be2        0x8 ./Peripheral/src/ch32x035_i2c.o
                0x0000000000003be2                I2C_ReceiveData
 .text.I2C_Send7bitAddress
                0x0000000000003bea       0x12 ./Peripheral/src/ch32x035_i2c.o
                0x0000000000003bea                I2C_Send7bitAddress
 .text.I2C_ReadRegister
                0x0000000000003bfc       0x14 ./Peripheral/src/ch32x035_i2c.o
                0x0000000000003bfc                I2C_ReadRegister
 .text.I2C_NACKPositionConfig
                0x0000000000003c10       0x22 ./Peripheral/src/ch32x035_i2c.o
                0x0000000000003c10                I2C_NACKPositionConfig
 .text.I2C_GetFlagStatus
                0x0000000000003c32       0x32 ./Peripheral/src/ch32x035_i2c.o
                0x0000000000003c32                I2C_GetFlagStatus
 .text.I2C_GetITStatus
                0x0000000000003c64       0x20 ./Peripheral/src/ch32x035_i2c.o
                0x0000000000003c64                I2C_GetITStatus
 .text.I2C_ClearITPendingBit
                0x0000000000003c84        0xc ./Peripheral/src/ch32x035_i2c.o
                0x0000000000003c84                I2C_ClearITPendingBit
 .text.IWDG_WriteAccessCmd
                0x0000000000003c90        0x8 ./Peripheral/src/ch32x035_iwdg.o
                0x0000000000003c90                IWDG_WriteAccessCmd
 .text.IWDG_SetPrescaler
                0x0000000000003c98        0x8 ./Peripheral/src/ch32x035_iwdg.o
                0x0000000000003c98                IWDG_SetPrescaler
 .text.IWDG_SetReload
                0x0000000000003ca0        0x8 ./Peripheral/src/ch32x035_iwdg.o
                0x0000000000003ca0                IWDG_SetReload
 .text.IWDG_ReloadCounter
                0x0000000000003ca8        0xe ./Peripheral/src/ch32x035_iwdg.o
                0x0000000000003ca8                IWDG_ReloadCounter
 .text.IWDG_Enable
                0x0000000000003cb6        0xe ./Peripheral/src/ch32x035_iwdg.o
                0x0000000000003cb6                IWDG_Enable
 .text.NVIC_PriorityGroupConfig
                0x0000000000003cc4        0x6 ./Peripheral/src/ch32x035_misc.o
                0x0000000000003cc4                NVIC_PriorityGroupConfig
 .text.NVIC_Init
                0x0000000000003cca       0x54 ./Peripheral/src/ch32x035_misc.o
                0x0000000000003cca                NVIC_Init
 .text.RCC_GetClocksFreq
                0x0000000000003d1e       0x3e ./Peripheral/src/ch32x035_rcc.o
                0x0000000000003d1e                RCC_GetClocksFreq
 .text.RCC_APB2PeriphClockCmd
                0x0000000000003d5c       0x1e ./Peripheral/src/ch32x035_rcc.o
                0x0000000000003d5c                RCC_APB2PeriphClockCmd
 .text.RCC_APB1PeriphClockCmd
                0x0000000000003d7a       0x1e ./Peripheral/src/ch32x035_rcc.o
                0x0000000000003d7a                RCC_APB1PeriphClockCmd
 .text.SPI_Init
                0x0000000000003d98       0x32 ./Peripheral/src/ch32x035_spi.o
                0x0000000000003d98                SPI_Init
 .text.SPI_Cmd  0x0000000000003dca       0x1a ./Peripheral/src/ch32x035_spi.o
                0x0000000000003dca                SPI_Cmd
 .text.SPI_I2S_ITConfig
                0x0000000000003de4       0x1e ./Peripheral/src/ch32x035_spi.o
                0x0000000000003de4                SPI_I2S_ITConfig
 .text.SPI_I2S_SendData
                0x0000000000003e02        0x4 ./Peripheral/src/ch32x035_spi.o
                0x0000000000003e02                SPI_I2S_SendData
 .text.SPI_I2S_ReceiveData
                0x0000000000003e06        0x4 ./Peripheral/src/ch32x035_spi.o
                0x0000000000003e06                SPI_I2S_ReceiveData
 .text.SPI_SSOutputCmd
                0x0000000000003e0a       0x18 ./Peripheral/src/ch32x035_spi.o
                0x0000000000003e0a                SPI_SSOutputCmd
 .text.SPI_I2S_GetITStatus
                0x0000000000003e22       0x28 ./Peripheral/src/ch32x035_spi.o
                0x0000000000003e22                SPI_I2S_GetITStatus
 .text.TIM_TimeBaseInit
                0x0000000000003e4a       0x56 ./Peripheral/src/ch32x035_tim.o
                0x0000000000003e4a                TIM_TimeBaseInit
 .text.TIM_Cmd  0x0000000000003ea0       0x18 ./Peripheral/src/ch32x035_tim.o
                0x0000000000003ea0                TIM_Cmd
 .text.TIM_ITConfig
                0x0000000000003eb8       0x12 ./Peripheral/src/ch32x035_tim.o
                0x0000000000003eb8                TIM_ITConfig
 .text.TIM_GetITStatus
                0x0000000000003eca       0x18 ./Peripheral/src/ch32x035_tim.o
                0x0000000000003eca                TIM_GetITStatus
 .text.TIM_ClearITPendingBit
                0x0000000000003ee2        0xc ./Peripheral/src/ch32x035_tim.o
                0x0000000000003ee2                TIM_ClearITPendingBit
 .text.USART_Init
                0x0000000000003eee       0x90 ./Peripheral/src/ch32x035_usart.o
                0x0000000000003eee                USART_Init
 .text.USART_Cmd
                0x0000000000003f7e       0x16 ./Peripheral/src/ch32x035_usart.o
                0x0000000000003f7e                USART_Cmd
 .text.USART_SendData
                0x0000000000003f94        0x8 ./Peripheral/src/ch32x035_usart.o
                0x0000000000003f94                USART_SendData
 .text.USART_GetFlagStatus
                0x0000000000003f9c        0xa ./Peripheral/src/ch32x035_usart.o
                0x0000000000003f9c                USART_GetFlagStatus
 .text.Delay_Init
                0x0000000000003fa6       0x26 ./Debug/debug.o
                0x0000000000003fa6                Delay_Init
 .text.Delay_Us
                0x0000000000003fcc       0x36 ./Debug/debug.o
                0x0000000000003fcc                Delay_Us
 .text.Delay_Ms
                0x0000000000004002       0x36 ./Debug/debug.o
                0x0000000000004002                Delay_Ms
 .text.USART_Printf_Init
                0x0000000000004038       0x5a ./Debug/debug.o
                0x0000000000004038                USART_Printf_Init
 .text._write   0x0000000000004092       0x3e ./Debug/debug.o
                0x0000000000004092                _write
 .text._sbrk    0x00000000000040d0       0x2a ./Debug/debug.o
                0x00000000000040d0                _sbrk
 .text.atol     0x00000000000040fa        0x6 c:/mounriver/mounriver_studio/toolchain/risc-v embedded gcc/bin/../lib/gcc/riscv-none-embed/8.2.0/../../../../riscv-none-embed/lib/rv32imacxw/ilp32\libg_nano.a(lib_a-atol.o)
                0x00000000000040fa                atol
 .text.memcpy   0x0000000000004100       0xb2 c:/mounriver/mounriver_studio/toolchain/risc-v embedded gcc/bin/../lib/gcc/riscv-none-embed/8.2.0/../../../../riscv-none-embed/lib/rv32imacxw/ilp32\libg_nano.a(lib_a-memcpy.o)
                0x0000000000004100                memcpy
 .text.printf   0x00000000000041b2       0x40 c:/mounriver/mounriver_studio/toolchain/risc-v embedded gcc/bin/../lib/gcc/riscv-none-embed/8.2.0/../../../../riscv-none-embed/lib/rv32imacxw/ilp32\libg_nano.a(lib_a-printf.o)
                0x00000000000041b2                iprintf
                0x00000000000041b2                printf
 .text._puts_r  0x00000000000041f2       0xd4 c:/mounriver/mounriver_studio/toolchain/risc-v embedded gcc/bin/../lib/gcc/riscv-none-embed/8.2.0/../../../../riscv-none-embed/lib/rv32imacxw/ilp32\libg_nano.a(lib_a-puts.o)
                0x00000000000041f2                _puts_r
 .text.puts     0x00000000000042c6        0xc c:/mounriver/mounriver_studio/toolchain/risc-v embedded gcc/bin/../lib/gcc/riscv-none-embed/8.2.0/../../../../riscv-none-embed/lib/rv32imacxw/ilp32\libg_nano.a(lib_a-puts.o)
                0x00000000000042c6                puts
 .text.strlen   0x00000000000042d2       0x12 c:/mounriver/mounriver_studio/toolchain/risc-v embedded gcc/bin/../lib/gcc/riscv-none-embed/8.2.0/../../../../riscv-none-embed/lib/rv32imacxw/ilp32\libg_nano.a(lib_a-strlen.o)
                0x00000000000042d2                strlen
 .text._strtol_l.isra.0
                0x00000000000042e4      0x138 c:/mounriver/mounriver_studio/toolchain/risc-v embedded gcc/bin/../lib/gcc/riscv-none-embed/8.2.0/../../../../riscv-none-embed/lib/rv32imacxw/ilp32\libg_nano.a(lib_a-strtol.o)
 .text.strtol   0x000000000000441c       0x1e c:/mounriver/mounriver_studio/toolchain/risc-v embedded gcc/bin/../lib/gcc/riscv-none-embed/8.2.0/../../../../riscv-none-embed/lib/rv32imacxw/ilp32\libg_nano.a(lib_a-strtol.o)
                0x000000000000441c                strtol
 .text.__swbuf_r
                0x000000000000443a       0xbc c:/mounriver/mounriver_studio/toolchain/risc-v embedded gcc/bin/../lib/gcc/riscv-none-embed/8.2.0/../../../../riscv-none-embed/lib/rv32imacxw/ilp32\libg_nano.a(lib_a-wbuf.o)
                0x000000000000443a                __swbuf_r
 .text.__swsetup_r
                0x00000000000044f6       0xfc c:/mounriver/mounriver_studio/toolchain/risc-v embedded gcc/bin/../lib/gcc/riscv-none-embed/8.2.0/../../../../riscv-none-embed/lib/rv32imacxw/ilp32\libg_nano.a(lib_a-wsetup.o)
                0x00000000000044f6                __swsetup_r
 .text.__sflush_r
                0x00000000000045f2      0x130 c:/mounriver/mounriver_studio/toolchain/risc-v embedded gcc/bin/../lib/gcc/riscv-none-embed/8.2.0/../../../../riscv-none-embed/lib/rv32imacxw/ilp32\libg_nano.a(lib_a-fflush.o)
                0x00000000000045f2                __sflush_r
 .text._fflush_r
                0x0000000000004722       0x66 c:/mounriver/mounriver_studio/toolchain/risc-v embedded gcc/bin/../lib/gcc/riscv-none-embed/8.2.0/../../../../riscv-none-embed/lib/rv32imacxw/ilp32\libg_nano.a(lib_a-fflush.o)
                0x0000000000004722                _fflush_r
 .text.std      0x0000000000004788       0x66 c:/mounriver/mounriver_studio/toolchain/risc-v embedded gcc/bin/../lib/gcc/riscv-none-embed/8.2.0/../../../../riscv-none-embed/lib/rv32imacxw/ilp32\libg_nano.a(lib_a-findfp.o)
 .text._cleanup_r
                0x00000000000047ee        0xa c:/mounriver/mounriver_studio/toolchain/risc-v embedded gcc/bin/../lib/gcc/riscv-none-embed/8.2.0/../../../../riscv-none-embed/lib/rv32imacxw/ilp32\libg_nano.a(lib_a-findfp.o)
                0x00000000000047ee                _cleanup_r
 .text.__sfmoreglue
                0x00000000000047f8       0x46 c:/mounriver/mounriver_studio/toolchain/risc-v embedded gcc/bin/../lib/gcc/riscv-none-embed/8.2.0/../../../../riscv-none-embed/lib/rv32imacxw/ilp32\libg_nano.a(lib_a-findfp.o)
                0x00000000000047f8                __sfmoreglue
 .text.__sinit  0x000000000000483e       0x6c c:/mounriver/mounriver_studio/toolchain/risc-v embedded gcc/bin/../lib/gcc/riscv-none-embed/8.2.0/../../../../riscv-none-embed/lib/rv32imacxw/ilp32\libg_nano.a(lib_a-findfp.o)
                0x000000000000483e                __sinit
 .text.__sfp    0x00000000000048aa       0xa0 c:/mounriver/mounriver_studio/toolchain/risc-v embedded gcc/bin/../lib/gcc/riscv-none-embed/8.2.0/../../../../riscv-none-embed/lib/rv32imacxw/ilp32\libg_nano.a(lib_a-findfp.o)
                0x00000000000048aa                __sfp
 .text._fwalk_reent
                0x000000000000494a       0x6a c:/mounriver/mounriver_studio/toolchain/risc-v embedded gcc/bin/../lib/gcc/riscv-none-embed/8.2.0/../../../../riscv-none-embed/lib/rv32imacxw/ilp32\libg_nano.a(lib_a-fwalk.o)
                0x000000000000494a                _fwalk_reent
 .text.__locale_ctype_ptr_l
                0x00000000000049b4        0x6 c:/mounriver/mounriver_studio/toolchain/risc-v embedded gcc/bin/../lib/gcc/riscv-none-embed/8.2.0/../../../../riscv-none-embed/lib/rv32imacxw/ilp32\libg_nano.a(lib_a-locale.o)
                0x00000000000049b4                __locale_ctype_ptr_l
 .text.__swhatbuf_r
                0x00000000000049ba       0x58 c:/mounriver/mounriver_studio/toolchain/risc-v embedded gcc/bin/../lib/gcc/riscv-none-embed/8.2.0/../../../../riscv-none-embed/lib/rv32imacxw/ilp32\libg_nano.a(lib_a-makebuf.o)
                0x00000000000049ba                __swhatbuf_r
 .text.__smakebuf_r
                0x0000000000004a12       0x92 c:/mounriver/mounriver_studio/toolchain/risc-v embedded gcc/bin/../lib/gcc/riscv-none-embed/8.2.0/../../../../riscv-none-embed/lib/rv32imacxw/ilp32\libg_nano.a(lib_a-makebuf.o)
                0x0000000000004a12                __smakebuf_r
 .text.__ascii_mbtowc
                0x0000000000004aa4       0x32 c:/mounriver/mounriver_studio/toolchain/risc-v embedded gcc/bin/../lib/gcc/riscv-none-embed/8.2.0/../../../../riscv-none-embed/lib/rv32imacxw/ilp32\libg_nano.a(lib_a-mbtowc_r.o)
                0x0000000000004aa4                __ascii_mbtowc
 .text._free_r  0x0000000000004ad6       0xa8 c:/mounriver/mounriver_studio/toolchain/risc-v embedded gcc/bin/../lib/gcc/riscv-none-embed/8.2.0/../../../../riscv-none-embed/lib/rv32imacxw/ilp32\libg_nano.a(lib_a-nano-freer.o)
                0x0000000000004ad6                _free_r
 .text._malloc_r
                0x0000000000004b7e       0xd4 c:/mounriver/mounriver_studio/toolchain/risc-v embedded gcc/bin/../lib/gcc/riscv-none-embed/8.2.0/../../../../riscv-none-embed/lib/rv32imacxw/ilp32\libg_nano.a(lib_a-nano-mallocr.o)
                0x0000000000004b7e                _malloc_r
 .text.__sfputc_r
                0x0000000000004c52       0x28 c:/mounriver/mounriver_studio/toolchain/risc-v embedded gcc/bin/../lib/gcc/riscv-none-embed/8.2.0/../../../../riscv-none-embed/lib/rv32imacxw/ilp32\libg_nano.a(lib_a-nano-vfprintf.o)
 .text.__sfputs_r
                0x0000000000004c7a       0x42 c:/mounriver/mounriver_studio/toolchain/risc-v embedded gcc/bin/../lib/gcc/riscv-none-embed/8.2.0/../../../../riscv-none-embed/lib/rv32imacxw/ilp32\libg_nano.a(lib_a-nano-vfprintf.o)
                0x0000000000004c7a                __sfputs_r
 .text._vfprintf_r
                0x0000000000004cbc      0x288 c:/mounriver/mounriver_studio/toolchain/risc-v embedded gcc/bin/../lib/gcc/riscv-none-embed/8.2.0/../../../../riscv-none-embed/lib/rv32imacxw/ilp32\libg_nano.a(lib_a-nano-vfprintf.o)
                0x0000000000004cbc                _vfprintf_r
                0x0000000000004cbc                _vfiprintf_r
 .text._printf_common
                0x0000000000004f44      0x10c c:/mounriver/mounriver_studio/toolchain/risc-v embedded gcc/bin/../lib/gcc/riscv-none-embed/8.2.0/../../../../riscv-none-embed/lib/rv32imacxw/ilp32\libg_nano.a(lib_a-nano-vfprintf_i.o)
                0x0000000000004f44                _printf_common
 .text._printf_i
                0x0000000000005050      0x2a2 c:/mounriver/mounriver_studio/toolchain/risc-v embedded gcc/bin/../lib/gcc/riscv-none-embed/8.2.0/../../../../riscv-none-embed/lib/rv32imacxw/ilp32\libg_nano.a(lib_a-nano-vfprintf_i.o)
                0x0000000000005050                _printf_i
 .text._sbrk_r  0x00000000000052f2       0x32 c:/mounriver/mounriver_studio/toolchain/risc-v embedded gcc/bin/../lib/gcc/riscv-none-embed/8.2.0/../../../../riscv-none-embed/lib/rv32imacxw/ilp32\libg_nano.a(lib_a-sbrkr.o)
                0x00000000000052f2                _sbrk_r
 .text.__sread  0x0000000000005324       0x2c c:/mounriver/mounriver_studio/toolchain/risc-v embedded gcc/bin/../lib/gcc/riscv-none-embed/8.2.0/../../../../riscv-none-embed/lib/rv32imacxw/ilp32\libg_nano.a(lib_a-stdio.o)
                0x0000000000005324                __sread
 .text.__swrite
                0x0000000000005350       0x48 c:/mounriver/mounriver_studio/toolchain/risc-v embedded gcc/bin/../lib/gcc/riscv-none-embed/8.2.0/../../../../riscv-none-embed/lib/rv32imacxw/ilp32\libg_nano.a(lib_a-stdio.o)
                0x0000000000005350                __swrite
 .text.__sseek  0x0000000000005398       0x30 c:/mounriver/mounriver_studio/toolchain/risc-v embedded gcc/bin/../lib/gcc/riscv-none-embed/8.2.0/../../../../riscv-none-embed/lib/rv32imacxw/ilp32\libg_nano.a(lib_a-stdio.o)
                0x0000000000005398                __sseek
 .text.__sclose
                0x00000000000053c8        0x6 c:/mounriver/mounriver_studio/toolchain/risc-v embedded gcc/bin/../lib/gcc/riscv-none-embed/8.2.0/../../../../riscv-none-embed/lib/rv32imacxw/ilp32\libg_nano.a(lib_a-stdio.o)
                0x00000000000053c8                __sclose
 .text.__ascii_wctomb
                0x00000000000053ce       0x1e c:/mounriver/mounriver_studio/toolchain/risc-v embedded gcc/bin/../lib/gcc/riscv-none-embed/8.2.0/../../../../riscv-none-embed/lib/rv32imacxw/ilp32\libg_nano.a(lib_a-wctomb_r.o)
                0x00000000000053ce                __ascii_wctomb
 .text._write_r
                0x00000000000053ec       0x36 c:/mounriver/mounriver_studio/toolchain/risc-v embedded gcc/bin/../lib/gcc/riscv-none-embed/8.2.0/../../../../riscv-none-embed/lib/rv32imacxw/ilp32\libg_nano.a(lib_a-writer.o)
                0x00000000000053ec                _write_r
 .text._close_r
                0x0000000000005422       0x30 c:/mounriver/mounriver_studio/toolchain/risc-v embedded gcc/bin/../lib/gcc/riscv-none-embed/8.2.0/../../../../riscv-none-embed/lib/rv32imacxw/ilp32\libg_nano.a(lib_a-closer.o)
                0x0000000000005422                _close_r
 .text._fstat_r
                0x0000000000005452       0x32 c:/mounriver/mounriver_studio/toolchain/risc-v embedded gcc/bin/../lib/gcc/riscv-none-embed/8.2.0/../../../../riscv-none-embed/lib/rv32imacxw/ilp32\libg_nano.a(lib_a-fstatr.o)
                0x0000000000005452                _fstat_r
 .text._isatty_r
                0x0000000000005484       0x30 c:/mounriver/mounriver_studio/toolchain/risc-v embedded gcc/bin/../lib/gcc/riscv-none-embed/8.2.0/../../../../riscv-none-embed/lib/rv32imacxw/ilp32\libg_nano.a(lib_a-isattyr.o)
                0x0000000000005484                _isatty_r
 .text._lseek_r
                0x00000000000054b4       0x34 c:/mounriver/mounriver_studio/toolchain/risc-v embedded gcc/bin/../lib/gcc/riscv-none-embed/8.2.0/../../../../riscv-none-embed/lib/rv32imacxw/ilp32\libg_nano.a(lib_a-lseekr.o)
                0x00000000000054b4                _lseek_r
 .text.memchr   0x00000000000054e8       0x18 c:/mounriver/mounriver_studio/toolchain/risc-v embedded gcc/bin/../lib/gcc/riscv-none-embed/8.2.0/../../../../riscv-none-embed/lib/rv32imacxw/ilp32\libg_nano.a(lib_a-memchr.o)
                0x00000000000054e8                memchr
 .text.__malloc_lock
                0x0000000000005500        0x2 c:/mounriver/mounriver_studio/toolchain/risc-v embedded gcc/bin/../lib/gcc/riscv-none-embed/8.2.0/../../../../riscv-none-embed/lib/rv32imacxw/ilp32\libg_nano.a(lib_a-mlock.o)
                0x0000000000005500                __malloc_lock
 .text.__malloc_unlock
                0x0000000000005502        0x2 c:/mounriver/mounriver_studio/toolchain/risc-v embedded gcc/bin/../lib/gcc/riscv-none-embed/8.2.0/../../../../riscv-none-embed/lib/rv32imacxw/ilp32\libg_nano.a(lib_a-mlock.o)
                0x0000000000005502                __malloc_unlock
 .text._read_r  0x0000000000005504       0x34 c:/mounriver/mounriver_studio/toolchain/risc-v embedded gcc/bin/../lib/gcc/riscv-none-embed/8.2.0/../../../../riscv-none-embed/lib/rv32imacxw/ilp32\libg_nano.a(lib_a-readr.o)
                0x0000000000005504                _read_r
 .text._close   0x0000000000005538       0x10 c:/mounriver/mounriver_studio/toolchain/risc-v embedded gcc/bin/../lib/gcc/riscv-none-embed/8.2.0/../../../../riscv-none-embed/lib/rv32imacxw/ilp32\libnosys.a(close.o)
                0x0000000000005538                _close
 .text._fstat   0x0000000000005548       0x10 c:/mounriver/mounriver_studio/toolchain/risc-v embedded gcc/bin/../lib/gcc/riscv-none-embed/8.2.0/../../../../riscv-none-embed/lib/rv32imacxw/ilp32\libnosys.a(fstat.o)
                0x0000000000005548                _fstat
 .text._isatty  0x0000000000005558       0x10 c:/mounriver/mounriver_studio/toolchain/risc-v embedded gcc/bin/../lib/gcc/riscv-none-embed/8.2.0/../../../../riscv-none-embed/lib/rv32imacxw/ilp32\libnosys.a(isatty.o)
                0x0000000000005558                _isatty
 .text._lseek   0x0000000000005568       0x10 c:/mounriver/mounriver_studio/toolchain/risc-v embedded gcc/bin/../lib/gcc/riscv-none-embed/8.2.0/../../../../riscv-none-embed/lib/rv32imacxw/ilp32\libnosys.a(lseek.o)
                0x0000000000005568                _lseek
 .text._read    0x0000000000005578       0x10 c:/mounriver/mounriver_studio/toolchain/risc-v embedded gcc/bin/../lib/gcc/riscv-none-embed/8.2.0/../../../../riscv-none-embed/lib/rv32imacxw/ilp32\libnosys.a(read.o)
                0x0000000000005578                _read
 *(.rodata)
 *(.rodata*)
 *fill*         0x0000000000005588        0x0 
 .rodata.PD_Main_Proc
                0x0000000000005588       0xcc ./User/PD_Process.o
 .rodata.PDO_Request.str1.4
                0x0000000000005654       0x3d ./User/PD_Process.o
 *fill*         0x0000000000005691        0x3 
 .rodata.PD_Det_Proc.str1.4
                0x0000000000005694       0x40 ./User/PD_Process.o
 .rodata.PD_Main_Proc.str1.4
                0x00000000000056d4       0xe9 ./User/PD_Process.o
                                         0xed (size before relaxing)
 *fill*         0x00000000000057bd        0x3 
 .rodata.USBPD_IRQHandler.str1.4
                0x00000000000057c0        0xd ./User/PD_Process.o
 *fill*         0x00000000000057cd        0x3 
 .rodata.my_pd_connect_valve.str1.4
                0x00000000000057d0       0x28 ./User/PD_Process.o
 .rodata.Button_Create.str1.4
                0x00000000000057f8       0x2f ./User/button.o
 *fill*         0x0000000000005827        0x1 
 .rodata.key_on_click_handle
                0x0000000000005828       0x20 ./User/key.o
 .rodata.key_off_click_handle
                0x0000000000005848       0x24 ./User/key.o
 .rodata.button_init.str1.4
                0x000000000000586c       0x37 ./User/key.o
 *fill*         0x00000000000058a3        0x1 
 .rodata.key_off_click_handle.str1.4
                0x00000000000058a4       0x16 ./User/key.o
 *fill*         0x00000000000058ba        0x2 
 .rodata.key_on_click_handle.str1.4
                0x00000000000058bc       0x15 ./User/key.o
 *fill*         0x00000000000058d1        0x3 
 .rodata.water_leak_down_callback.str1.4
                0x00000000000058d4       0x1a ./User/key.o
 *fill*         0x00000000000058ee        0x2 
 .rodata.water_leak_up_callback.str1.4
                0x00000000000058f0       0x18 ./User/key.o
 .rodata.water_lost_plugin_callback.str1.4
                0x0000000000005908       0x18 ./User/key.o
 .rodata.water_lost_plugout_callback.str1.4
                0x0000000000005920       0x1a ./User/key.o
 *fill*         0x000000000000593a        0x2 
 .rodata.led_init.str1.4
                0x000000000000593c        0x7 ./User/led.o
 .rodata.led_master_lost_start.str1.4
                0x0000000000005943        0x7 ./User/led.o
                                         0x12 (size before relaxing)
 *fill*         0x0000000000005943        0x1 
 .rodata.led_moto_fail_start.str1.4
                0x0000000000005944       0x33 ./User/led.o
 *fill*         0x0000000000005977        0x1 
 .rodata.led_ntc_alarm.str1.4
                0x0000000000005978       0x97 ./User/led.o
 *fill*         0x0000000000005a0f        0x1 
 .rodata.led_valve_fail.str1.4
                0x0000000000005a10        0x9 ./User/led.o
 *fill*         0x0000000000005a19        0x3 
 .rodata.led_valve_on.str1.4
                0x0000000000005a1c        0x7 ./User/led.o
 *fill*         0x0000000000005a23        0x1 
 .rodata.led_water_alarm_start.str1.4
                0x0000000000005a24       0x1a ./User/led.o
 *fill*         0x0000000000005a3e        0x2 
 .rodata.main.str1.4
                0x0000000000005a40       0x28 ./User/main.o
 .rodata.get_I2C_Status
                0x0000000000005a68       0x30 ./User/my_I2C_Device.o
 .rodata.my_SC8726_Control_Handle
                0x0000000000005a98       0x18 ./User/my_I2C_Device.o
 .rodata.I2C1_ER_IRQHandler.str1.4
                0x0000000000005ab0        0xb ./User/my_I2C_Device.o
 *fill*         0x0000000000005abb        0x1 
 .rodata.I2C1_EV_IRQHandler.str1.4
                0x0000000000005abc       0x2a ./User/my_I2C_Device.o
 *fill*         0x0000000000005ae6        0x2 
 .rodata.get_I2C_Status.str1.4
                0x0000000000005ae8       0x23 ./User/my_I2C_Device.o
 *fill*         0x0000000000005b0b        0x1 
 .rodata.my_SC8726_Control_Handle.str1.4
                0x0000000000005b0c       0x39 ./User/my_I2C_Device.o
 *fill*         0x0000000000005b45        0x3 
 .rodata.my_SC8726_Init_Handle.str1.4
                0x0000000000005b48       0x18 ./User/my_I2C_Device.o
                                         0x1c (size before relaxing)
 .rodata.my_SC8726_Set_Out_Vbus.str1.4
                0x0000000000005b60       0x52 ./User/my_I2C_Device.o
 *fill*         0x0000000000005bb2        0x2 
 .rodata.my_VBus_Countrol.str1.4
                0x0000000000005bb4       0x2c ./User/my_PD_Device.o
 .rodata.my_PD_Valve_Receive.str1.4
                0x0000000000005be0       0x17 ./User/my_PD_Valve.o
 *fill*         0x0000000000005bf7        0x1 
 .rodata.my_Valve_Controls_Check.str1.4
                0x0000000000005bf8       0x3a ./User/my_PD_Valve.o
 *fill*         0x0000000000005c32        0x2 
 .rodata.my_Valve_Controls_Close.str1.4
                0x0000000000005c34       0x3a ./User/my_PD_Valve.o
 *fill*         0x0000000000005c6e        0x2 
 .rodata.my_Valve_Controls_Open.str1.4
                0x0000000000005c70       0x39 ./User/my_PD_Valve.o
 *fill*         0x0000000000005ca9        0x3 
 .rodata.my_Valve_Get_Error.str1.4
                0x0000000000005cac       0x20 ./User/my_PD_Valve.o
 .rodata.my_spi_handle
                0x0000000000005ccc       0x34 ./User/my_SPI_Slave.o
 .rodata.my_spi_SNK.str1.4
                0x0000000000005d00        0xc ./User/my_SPI_Slave.o
 .rodata.my_spi_handle.str1.4
                0x0000000000005d0c       0x14 ./User/my_SPI_Slave.o
 .rodata.my_spi_receive_show.str1.4
                0x0000000000005d20        0x7 ./User/my_SPI_Slave.o
                                          0xa (size before relaxing)
 *fill*         0x0000000000005d27        0x1 
 .rodata.valva_check_timer_callback.str1.4
                0x0000000000005d28       0x3e ./User/valve_work.o
 *fill*         0x0000000000005d66        0x2 
 .rodata.valve_close_timer_callback.str1.4
                0x0000000000005d68       0x88 ./User/valve_work.o
 .rodata.valve_open_timer_callback.str1.4
                0x0000000000005df0       0x87 ./User/valve_work.o
 *fill*         0x0000000000005e77        0x1 
 .rodata.warning_enable.str1.4
                0x0000000000005e78       0x6b ./User/water_work.o
 *fill*         0x0000000000005ee3        0x1 
 .rodata.__sf_fake_stderr
                0x0000000000005ee4       0x20 c:/mounriver/mounriver_studio/toolchain/risc-v embedded gcc/bin/../lib/gcc/riscv-none-embed/8.2.0/../../../../riscv-none-embed/lib/rv32imacxw/ilp32\libg_nano.a(lib_a-findfp.o)
                0x0000000000005ee4                __sf_fake_stderr
 .rodata.__sf_fake_stdin
                0x0000000000005f04       0x20 c:/mounriver/mounriver_studio/toolchain/risc-v embedded gcc/bin/../lib/gcc/riscv-none-embed/8.2.0/../../../../riscv-none-embed/lib/rv32imacxw/ilp32\libg_nano.a(lib_a-findfp.o)
                0x0000000000005f04                __sf_fake_stdin
 .rodata.__sf_fake_stdout
                0x0000000000005f24       0x20 c:/mounriver/mounriver_studio/toolchain/risc-v embedded gcc/bin/../lib/gcc/riscv-none-embed/8.2.0/../../../../riscv-none-embed/lib/rv32imacxw/ilp32\libg_nano.a(lib_a-findfp.o)
                0x0000000000005f24                __sf_fake_stdout
 .rodata._setlocale_r.str1.4
                0x0000000000005f44        0xa c:/mounriver/mounriver_studio/toolchain/risc-v embedded gcc/bin/../lib/gcc/riscv-none-embed/8.2.0/../../../../riscv-none-embed/lib/rv32imacxw/ilp32\libg_nano.a(lib_a-locale.o)
                                          0xd (size before relaxing)
 *fill*         0x0000000000005f4e        0x2 
 .rodata.str1.4
                0x0000000000005f50        0x2 c:/mounriver/mounriver_studio/toolchain/risc-v embedded gcc/bin/../lib/gcc/riscv-none-embed/8.2.0/../../../../riscv-none-embed/lib/rv32imacxw/ilp32\libg_nano.a(lib_a-locale.o)
 *fill*         0x0000000000005f52        0x2 
 .rodata._vfprintf_r.str1.4
                0x0000000000005f54       0x13 c:/mounriver/mounriver_studio/toolchain/risc-v embedded gcc/bin/../lib/gcc/riscv-none-embed/8.2.0/../../../../riscv-none-embed/lib/rv32imacxw/ilp32\libg_nano.a(lib_a-nano-vfprintf.o)
 *fill*         0x0000000000005f67        0x1 
 .rodata._printf_i.str1.4
                0x0000000000005f68       0x28 c:/mounriver/mounriver_studio/toolchain/risc-v embedded gcc/bin/../lib/gcc/riscv-none-embed/8.2.0/../../../../riscv-none-embed/lib/rv32imacxw/ilp32\libg_nano.a(lib_a-nano-vfprintf_i.o)
                                         0x25 (size before relaxing)
 .rodata._ctype_
                0x0000000000005f90      0x101 c:/mounriver/mounriver_studio/toolchain/risc-v embedded gcc/bin/../lib/gcc/riscv-none-embed/8.2.0/../../../../riscv-none-embed/lib/rv32imacxw/ilp32\libg_nano.a(lib_a-ctype_.o)
                0x0000000000005f90                _ctype_
 *(.gnu.linkonce.t.*)
                0x0000000000006094                . = ALIGN (0x4)
 *fill*         0x0000000000006091        0x3 

.rela.dyn       0x0000000000006094        0x0
 .rela.init     0x0000000000006094        0x0 ./User/PD_Process.o
 .rela.vector   0x0000000000006094        0x0 ./User/PD_Process.o
 .rela.text.handle_reset
                0x0000000000006094        0x0 ./User/PD_Process.o
 .rela.text._sbrk
                0x0000000000006094        0x0 ./User/PD_Process.o
 .rela.sdata.curbrk.4445
                0x0000000000006094        0x0 ./User/PD_Process.o
 .rela.text._vfprintf_r
                0x0000000000006094        0x0 ./User/PD_Process.o
 .rela.text._sbrk_r
                0x0000000000006094        0x0 ./User/PD_Process.o
 .rela.text._write_r
                0x0000000000006094        0x0 ./User/PD_Process.o
 .rela.text._close_r
                0x0000000000006094        0x0 ./User/PD_Process.o
 .rela.text._fstat_r
                0x0000000000006094        0x0 ./User/PD_Process.o
 .rela.text._isatty_r
                0x0000000000006094        0x0 ./User/PD_Process.o
 .rela.text._lseek_r
                0x0000000000006094        0x0 ./User/PD_Process.o
 .rela.text._read_r
                0x0000000000006094        0x0 ./User/PD_Process.o
 .rela.text._close
                0x0000000000006094        0x0 ./User/PD_Process.o
 .rela.text._fstat
                0x0000000000006094        0x0 ./User/PD_Process.o
 .rela.text._isatty
                0x0000000000006094        0x0 ./User/PD_Process.o
 .rela.text._lseek
                0x0000000000006094        0x0 ./User/PD_Process.o
 .rela.text._read
                0x0000000000006094        0x0 ./User/PD_Process.o

.fini           0x0000000000006094        0x0
 *(SORT_NONE(.fini))
                0x0000000000006094                . = ALIGN (0x4)
                [!provide]                        PROVIDE (_etext = .)
                [!provide]                        PROVIDE (_eitcm = .)

.preinit_array  0x0000000000006094        0x0
                [!provide]                        PROVIDE (__preinit_array_start = .)
 *(.preinit_array)
                [!provide]                        PROVIDE (__preinit_array_end = .)

.init_array     0x0000000000006094        0x0
                [!provide]                        PROVIDE (__init_array_start = .)
 *(SORT_BY_INIT_PRIORITY(.init_array.*) SORT_BY_INIT_PRIORITY(.ctors.*))
 *(.init_array EXCLUDE_FILE(*crtend?.o *crtend.o *crtbegin?.o *crtbegin.o) .ctors)
                [!provide]                        PROVIDE (__init_array_end = .)

.fini_array     0x0000000000006094        0x0
                [!provide]                        PROVIDE (__fini_array_start = .)
 *(SORT_BY_INIT_PRIORITY(.fini_array.*) SORT_BY_INIT_PRIORITY(.dtors.*))
 *(.fini_array EXCLUDE_FILE(*crtend?.o *crtend.o *crtbegin?.o *crtbegin.o) .dtors)
                [!provide]                        PROVIDE (__fini_array_end = .)

.ctors
 *crtbegin.o(.ctors)
 *crtbegin?.o(.ctors)
 *(EXCLUDE_FILE(*crtend?.o *crtend.o) .ctors)
 *(SORT_BY_NAME(.ctors.*))
 *(.ctors)

.dtors
 *crtbegin.o(.dtors)
 *crtbegin?.o(.dtors)
 *(EXCLUDE_FILE(*crtend?.o *crtend.o) .dtors)
 *(SORT_BY_NAME(.dtors.*))
 *(.dtors)

.dalign         0x0000000020000000        0x0 load address 0x0000000000006094
                0x0000000020000000                . = ALIGN (0x4)
                0x0000000020000000                PROVIDE (_data_vma = .)

.dlalign        0x0000000000006094        0x0
                0x0000000000006094                . = ALIGN (0x4)
                0x0000000000006094                PROVIDE (_data_lma = .)

.data           0x0000000020000000      0x258 load address 0x0000000000006094
 *(.gnu.linkonce.r.*)
 *(.data .data.*)
 .data.SrcCap_Ext_Tab
                0x0000000020000000       0x1c ./User/PD_Process.o
                0x0000000020000000                SrcCap_Ext_Tab
 .data.SrcCap_Tab
                0x000000002000001c        0xc ./User/PD_Process.o
                0x000000002000001c                SrcCap_Tab
 .data.AHBPrescTable
                0x0000000020000028       0x10 ./User/system_ch32x035.o
                0x0000000020000028                AHBPrescTable
 .data.APBAHBPrescTable
                0x0000000020000038       0x10 ./Peripheral/src/ch32x035_rcc.o
 .data.impure_data
                0x0000000020000048       0x60 c:/mounriver/mounriver_studio/toolchain/risc-v embedded gcc/bin/../lib/gcc/riscv-none-embed/8.2.0/../../../../riscv-none-embed/lib/rv32imacxw/ilp32\libg_nano.a(lib_a-impure.o)
 .data.__global_locale
                0x00000000200000a8      0x16c c:/mounriver/mounriver_studio/toolchain/risc-v embedded gcc/bin/../lib/gcc/riscv-none-embed/8.2.0/../../../../riscv-none-embed/lib/rv32imacxw/ilp32\libg_nano.a(lib_a-locale.o)
                0x00000000200000a8                __global_locale
 *(.gnu.linkonce.d.*)
                0x0000000020000218                . = ALIGN (0x8)
 *fill*         0x0000000020000214        0x4 
                0x0000000020000a18                PROVIDE (__global_pointer$ = (. + 0x800))
 *(.sdata .sdata.*)
 .sdata.SinkCap_5V1A_Tab
                0x0000000020000218        0x4 ./User/PD_Process.o
                0x0000000020000218                SinkCap_5V1A_Tab
 .sdata.SrcCap_5V3A_Tab
                0x000000002000021c        0x4 ./User/PD_Process.o
                0x000000002000021c                SrcCap_5V3A_Tab
 .sdata.SrcCap_size
                0x0000000020000220        0x1 ./User/PD_Process.o
                0x0000000020000220                SrcCap_size
 *fill*         0x0000000020000221        0x3 
 .sdata.Status_Ext_Tab
                0x0000000020000224        0x8 ./User/PD_Process.o
                0x0000000020000224                Status_Ext_Tab
 .sdata.Vbus_Current
                0x000000002000022c        0x2 ./User/PD_Process.o
                0x000000002000022c                Vbus_Current
 *fill*         0x000000002000022e        0x2 
 .sdata.SystemCoreClock
                0x0000000020000230        0x4 ./User/system_ch32x035.o
                0x0000000020000230                SystemCoreClock
 .sdata.valve_valid
                0x0000000020000234        0x1 ./User/valve_work.o
 *fill*         0x0000000020000235        0x3 
 .sdata.DeviceStatus
                0x0000000020000238        0x4 ./User/water_work.o
                0x0000000020000238                DeviceStatus
 .sdata.CFGHR_tmpA
                0x000000002000023c        0x4 ./Peripheral/src/ch32x035_gpio.o
                0x000000002000023c                CFGHR_tmpA
 .sdata.CFGHR_tmpB
                0x0000000020000240        0x4 ./Peripheral/src/ch32x035_gpio.o
                0x0000000020000240                CFGHR_tmpB
 .sdata.CFGHR_tmpC
                0x0000000020000244        0x4 ./Peripheral/src/ch32x035_gpio.o
                0x0000000020000244                CFGHR_tmpC
 .sdata.curbrk.4445
                0x0000000020000248        0x4 ./Debug/debug.o
 .sdata._impure_ptr
                0x000000002000024c        0x4 c:/mounriver/mounriver_studio/toolchain/risc-v embedded gcc/bin/../lib/gcc/riscv-none-embed/8.2.0/../../../../riscv-none-embed/lib/rv32imacxw/ilp32\libg_nano.a(lib_a-impure.o)
                0x000000002000024c                _impure_ptr
 *(.sdata2.*)
 .sdata2._global_impure_ptr
                0x0000000020000250        0x4 c:/mounriver/mounriver_studio/toolchain/risc-v embedded gcc/bin/../lib/gcc/riscv-none-embed/8.2.0/../../../../riscv-none-embed/lib/rv32imacxw/ilp32\libg_nano.a(lib_a-impure.o)
                0x0000000020000250                _global_impure_ptr
 *(.gnu.linkonce.s.*)
                0x0000000020000258                . = ALIGN (0x8)
 *fill*         0x0000000020000254        0x4 
 *(.srodata.cst16)
 *(.srodata.cst8)
 *(.srodata.cst4)
 *(.srodata.cst2)
 *(.srodata .srodata.*)
                0x0000000020000258                . = ALIGN (0x4)
                0x0000000020000258                PROVIDE (_edata = .)

.bss            0x0000000020000258      0xfd8 load address 0x00000000000062ec
                0x0000000020000258                . = ALIGN (0x4)
                0x0000000020000258                PROVIDE (_sbss = .)
 *(.sbss*)
 .sbss.CC_Select
                0x0000000020000258        0x1 ./User/PD_Process.o
                0x0000000020000258                CC_Select
 .sbss.PDO_Len  0x0000000020000259        0x1 ./User/PD_Process.o
                0x0000000020000259                PDO_Len
 *fill*         0x000000002000025a        0x2 
 .sbss.PD_Ack_Buf
                0x000000002000025c        0x2 ./User/PD_Process.o
                0x000000002000025c                PD_Ack_Buf
 .sbss.Tmr_Ms_Cnt_Last
                0x000000002000025e        0x1 ./User/PD_Process.o
                0x000000002000025e                Tmr_Ms_Cnt_Last
 .sbss.Tmr_Ms_Dlt
                0x000000002000025f        0x1 ./User/PD_Process.o
                0x000000002000025f                Tmr_Ms_Dlt
 .sbss.Vbus_Select
                0x0000000020000260        0x1 ./User/PD_Process.o
                0x0000000020000260                Vbus_Select
 *fill*         0x0000000020000261        0x1 
 .sbss.connect_time
                0x0000000020000262        0x2 ./User/PD_Process.o
                0x0000000020000262                connect_time
 .sbss.pd_power_error
                0x0000000020000264        0x1 ./User/PD_Process.o
                0x0000000020000264                pd_power_error
 .sbss.pd_valve_status
                0x0000000020000265        0x1 ./User/PD_Process.o
                0x0000000020000265                pd_valve_status
 .sbss.pd_valve_time
                0x0000000020000266        0x2 ./User/PD_Process.o
                0x0000000020000266                pd_valve_time
 .sbss.snk_vbus_current
                0x0000000020000268        0x2 ./User/PD_Process.o
                0x0000000020000268                snk_vbus_current
 .sbss.snk_vbus_type
                0x000000002000026a        0x1 ./User/PD_Process.o
                0x000000002000026a                snk_vbus_type
 *fill*         0x000000002000026b        0x1 
 .sbss.src_vbus_current
                0x000000002000026c        0x2 ./User/PD_Process.o
                0x000000002000026c                src_vbus_current
 .sbss.src_vbus_type
                0x000000002000026e        0x1 ./User/PD_Process.o
                0x000000002000026e                src_vbus_type
 .sbss.switch_state_pd
                0x000000002000026f        0x1 ./User/PD_Process.o
                0x000000002000026f                switch_state_pd
 .sbss.switch_state_pd_flag
                0x0000000020000270        0x1 ./User/PD_Process.o
                0x0000000020000270                switch_state_pd_flag
 .sbss.valve_connect
                0x0000000020000271        0x1 ./User/PD_Process.o
                0x0000000020000271                valve_connect
 *fill*         0x0000000020000272        0x2 
 .sbss.Head_Button
                0x0000000020000274        0x4 ./User/button.o
 .sbss.led_tick
                0x0000000020000278        0x4 ./User/led.o
                0x0000000020000278                led_tick
 .sbss.led_valve_on_pause_flag
                0x000000002000027c        0x1 ./User/led.o
                0x000000002000027c                led_valve_on_pause_flag
 *fill*         0x000000002000027d        0x1 
 .sbss.set_Vbus.4514
                0x000000002000027e        0x2 ./User/my_I2C_Device.o
 .sbss.PD_STATUS
                0x0000000020000280        0x1 ./User/my_PD_Device.o
                0x0000000020000280                PD_STATUS
 .sbss.Tim_Ms_Cnt
                0x0000000020000281        0x1 ./User/my_PD_Device.o
                0x0000000020000281                Tim_Ms_Cnt
 .sbss.pd_voltage_level
                0x0000000020000282        0x1 ./User/my_PD_Device.o
                0x0000000020000282                pd_voltage_level
 *fill*         0x0000000020000283        0x1 
 .sbss.valve_check_hour_count
                0x0000000020000284        0x4 ./User/my_PD_Device.o
                0x0000000020000284                valve_check_hour_count
 .sbss.valve_check_time
                0x0000000020000288        0x4 ./User/my_PD_Device.o
                0x0000000020000288                valve_check_time
 .sbss.valve_check_error
                0x000000002000028c        0x1 ./User/my_PD_Valve.o
 .sbss.valve_close_switch
                0x000000002000028d        0x1 ./User/my_PD_Valve.o
 .sbss.valve_close_timeout
                0x000000002000028e        0x1 ./User/my_PD_Valve.o
 .sbss.valve_open_switch
                0x000000002000028f        0x1 ./User/my_PD_Valve.o
 .sbss.valve_open_timeout
                0x0000000020000290        0x1 ./User/my_PD_Valve.o
 .sbss.valve_power_error
                0x0000000020000291        0x1 ./User/my_PD_Valve.o
 .sbss.valve_status
                0x0000000020000292        0x1 ./User/my_PD_Valve.o
 .sbss.receive_buff_size
                0x0000000020000293        0x1 ./User/my_SPI_Slave.o
                0x0000000020000293                receive_buff_size
 .sbss.receive_flag
                0x0000000020000294        0x1 ./User/my_SPI_Slave.o
                0x0000000020000294                receive_flag
 *fill*         0x0000000020000295        0x1 
 .sbss.spi_Current
                0x0000000020000296        0x2 ./User/my_SPI_Slave.o
                0x0000000020000296                spi_Current
 .sbss.spi_PDO_Len
                0x0000000020000298        0x1 ./User/my_SPI_Slave.o
                0x0000000020000298                spi_PDO_Len
 .sbss.spi_control_status
                0x0000000020000299        0x1 ./User/my_SPI_Slave.o
 .sbss.spi_flag
                0x000000002000029a        0x1 ./User/my_SPI_Slave.o
                0x000000002000029a                spi_flag
 .sbss.spi_snk_flag
                0x000000002000029b        0x1 ./User/my_SPI_Slave.o
                0x000000002000029b                spi_snk_flag
 .sbss.spi_test_addr
                0x000000002000029c        0x1 ./User/my_SPI_Slave.o
                0x000000002000029c                spi_test_addr
 .sbss.spi_test_size
                0x000000002000029d        0x1 ./User/my_SPI_Slave.o
                0x000000002000029d                spi_test_size
 .sbss.spi_thread
                0x000000002000029e        0x1 ./User/my_SPI_Slave.o
                0x000000002000029e                spi_thread
 *fill*         0x000000002000029f        0x1 
 .sbss.spi_time
                0x00000000200002a0        0x2 ./User/my_SPI_Slave.o
                0x00000000200002a0                spi_time
 *fill*         0x00000000200002a2        0x2 
 .sbss.first_handle
                0x00000000200002a4        0x4 ./User/signal_led.o
 .sbss.internal_valve_warning
                0x00000000200002a8        0x1 ./User/valve_work.o
 .sbss.valve_check_tick
                0x00000000200002a9        0x1 ./User/valve_work.o
 .sbss.valve_status
                0x00000000200002aa        0x1 ./User/valve_work.o
 *fill*         0x00000000200002ab        0x1 
 .sbss.valve_tick
                0x00000000200002ac        0x4 ./User/valve_work.o
                0x00000000200002ac                valve_tick
 .sbss.ExternalValveFailEvent
                0x00000000200002b0        0x8 ./User/water_work.o
                0x00000000200002b0                ExternalValveFailEvent
 .sbss.InternalValveFailEvent
                0x00000000200002b8        0x8 ./User/water_work.o
                0x00000000200002b8                InternalValveFailEvent
 .sbss.MasterLowTempEvent
                0x00000000200002c0        0x8 ./User/water_work.o
                0x00000000200002c0                MasterLowTempEvent
 .sbss.MasterSensorLeakEvent
                0x00000000200002c8        0x8 ./User/water_work.o
                0x00000000200002c8                MasterSensorLeakEvent
 .sbss.MasterSensorLostEvent
                0x00000000200002d0        0x8 ./User/water_work.o
                0x00000000200002d0                MasterSensorLostEvent
 .sbss.NowEvent
                0x00000000200002d8        0x8 ./User/water_work.o
                0x00000000200002d8                NowEvent
 .sbss.NVIC_Priority_Group
                0x00000000200002e0        0x4 ./Peripheral/src/ch32x035_misc.o
                0x00000000200002e0                NVIC_Priority_Group
 .sbss.p_ms     0x00000000200002e4        0x2 ./Debug/debug.o
 .sbss.p_us     0x00000000200002e6        0x1 ./Debug/debug.o
 *fill*         0x00000000200002e7        0x1 
 .sbss.__malloc_free_list
                0x00000000200002e8        0x4 c:/mounriver/mounriver_studio/toolchain/risc-v embedded gcc/bin/../lib/gcc/riscv-none-embed/8.2.0/../../../../riscv-none-embed/lib/rv32imacxw/ilp32\libg_nano.a(lib_a-nano-mallocr.o)
                0x00000000200002e8                __malloc_free_list
 .sbss.__malloc_sbrk_start
                0x00000000200002ec        0x4 c:/mounriver/mounriver_studio/toolchain/risc-v embedded gcc/bin/../lib/gcc/riscv-none-embed/8.2.0/../../../../riscv-none-embed/lib/rv32imacxw/ilp32\libg_nano.a(lib_a-nano-mallocr.o)
                0x00000000200002ec                __malloc_sbrk_start
 *(.gnu.linkonce.sb.*)
 *(.bss*)
 .bss.Adapter_SrcCap
                0x00000000200002f0       0x1e ./User/PD_Process.o
                0x00000000200002f0                Adapter_SrcCap
 *fill*         0x000000002000030e        0x2 
 .bss.PD_Ctl    0x0000000020000310       0x1c ./User/PD_Process.o
                0x0000000020000310                PD_Ctl
 .bss.PD_Rx_Buf
                0x000000002000032c       0x22 ./User/PD_Process.o
                0x000000002000032c                PD_Rx_Buf
 *fill*         0x000000002000034e        0x2 
 .bss.PD_Tx_Buf
                0x0000000020000350       0x22 ./User/PD_Process.o
                0x0000000020000350                PD_Tx_Buf
 *fill*         0x0000000020000372        0x2 
 .bss.pd_valve_send_buff
                0x0000000020000374       0x10 ./User/PD_Process.o
                0x0000000020000374                pd_valve_send_buff
 .bss.key_off_btn
                0x0000000020000384       0x54 ./User/key.o
                0x0000000020000384                key_off_btn
 .bss.key_on_btn
                0x00000000200003d8       0x54 ./User/key.o
                0x00000000200003d8                key_on_btn
 .bss.water_leak_btn
                0x000000002000042c       0x54 ./User/key.o
                0x000000002000042c                water_leak_btn
 .bss.water_lost_btn
                0x0000000020000480       0x54 ./User/key.o
                0x0000000020000480                water_lost_btn
 .bss.beep_obj  0x00000000200004d4      0x168 ./User/led.o
 .bss.beep_obj_loss
                0x000000002000063c      0x168 ./User/led.o
 .bss.beep_obj_once
                0x00000000200007a4      0x168 ./User/led.o
 .bss.beep_obj_three
                0x000000002000090c      0x168 ./User/led.o
 .bss.led_obj_loss_red
                0x0000000020000a74      0x168 ./User/led.o
 .bss.led_obj_off_red
                0x0000000020000bdc      0x168 ./User/led.o
 .bss.led_obj_off_red_once
                0x0000000020000d44      0x168 ./User/led.o
 .bss.led_obj_off_red_three
                0x0000000020000eac      0x168 ./User/led.o
 .bss.led_obj_on_green
                0x0000000020001014      0x168 ./User/led.o
 .bss.my_i2c_control
                0x000000002000117c       0x14 ./User/my_I2C_Device.o
                0x000000002000117c                my_i2c_control
 .bss.sc8726    0x0000000020001190       0x20 ./User/my_I2C_Device.o
                0x0000000020001190                sc8726
 .bss.receive_buff
                0x00000000200011b0        0xa ./User/my_SPI_Slave.o
                0x00000000200011b0                receive_buff
 *fill*         0x00000000200011ba        0x2 
 .bss.spi_test_buff
                0x00000000200011bc        0xa ./User/my_SPI_Slave.o
                0x00000000200011bc                spi_test_buff
 *fill*         0x00000000200011c6        0x2 
 .bss.valve_check_timer
                0x00000000200011c8       0x14 ./User/valve_work.o
                0x00000000200011c8                valve_check_timer
 .bss.valve_close_timer
                0x00000000200011dc       0x14 ./User/valve_work.o
                0x00000000200011dc                valve_close_timer
 .bss.valve_detect_timer
                0x00000000200011f0       0x14 ./User/valve_work.o
                0x00000000200011f0                valve_detect_timer
 .bss.valve_open_once_timer
                0x0000000020001204       0x14 ./User/valve_work.o
                0x0000000020001204                valve_open_once_timer
 .bss.valve_open_timer
                0x0000000020001218       0x14 ./User/valve_work.o
                0x0000000020001218                valve_open_timer
 *(.gnu.linkonce.b.*)
 *(COMMON*)
 COMMON         0x000000002000122c        0x4 c:/mounriver/mounriver_studio/toolchain/risc-v embedded gcc/bin/../lib/gcc/riscv-none-embed/8.2.0/../../../../riscv-none-embed/lib/rv32imacxw/ilp32\libg_nano.a(lib_a-reent.o)
                0x000000002000122c                errno
                0x0000000020001230                . = ALIGN (0x4)
                0x0000000020001230                PROVIDE (_ebss = .)
                0x0000000020001230                PROVIDE (_end = _ebss)
                [!provide]                        PROVIDE (end = .)

.stack          0x0000000020004000     0x1000
                0x0000000020004000                PROVIDE (_heap_end = .)
                0x0000000020004000                . = ALIGN (0x4)
                [!provide]                        PROVIDE (_susrstack = .)
                0x0000000020005000                . = (. + __stack_size)
 *fill*         0x0000000020004000     0x1000 
                0x0000000020005000                PROVIDE (_eusrstack = .)
OUTPUT(CH32X035G8U6_AIO_Master.elf elf32-littleriscv)

.debug_info     0x0000000000000000    0x1dbd5
 .debug_info    0x0000000000000000     0x281f ./User/PD_Process.o
 .debug_info    0x000000000000281f      0xf04 ./User/button.o
 .debug_info    0x0000000000003723      0x962 ./User/ch32x035_it.o
 .debug_info    0x0000000000004085     0x12d6 ./User/key.o
 .debug_info    0x000000000000535b     0x18d8 ./User/led.o
 .debug_info    0x0000000000006c33     0x1254 ./User/main.o
 .debug_info    0x0000000000007e87     0x18e4 ./User/my_I2C_Device.o
 .debug_info    0x000000000000976b     0x1af7 ./User/my_PD_Device.o
 .debug_info    0x000000000000b262     0x1227 ./User/my_PD_Valve.o
 .debug_info    0x000000000000c489     0x1ce9 ./User/my_SPI_Slave.o
 .debug_info    0x000000000000e172      0xe8f ./User/signal_led.o
 .debug_info    0x000000000000f001      0xb56 ./User/system_ch32x035.o
 .debug_info    0x000000000000fb57     0x1b27 ./User/valve_work.o
 .debug_info    0x000000000001167e     0x1009 ./User/water_work.o
 .debug_info    0x0000000000012687       0x22 ./Startup/startup_ch32x035.o
 .debug_info    0x00000000000126a9      0xa94 ./Peripheral/src/ch32x035_dbgmcu.o
 .debug_info    0x000000000001313d     0x11c9 ./Peripheral/src/ch32x035_gpio.o
 .debug_info    0x0000000000014306     0x140a ./Peripheral/src/ch32x035_i2c.o
 .debug_info    0x0000000000015710      0xaae ./Peripheral/src/ch32x035_iwdg.o
 .debug_info    0x00000000000161be      0xe36 ./Peripheral/src/ch32x035_misc.o
 .debug_info    0x0000000000016ff4      0xd8f ./Peripheral/src/ch32x035_rcc.o
 .debug_info    0x0000000000017d83     0x1072 ./Peripheral/src/ch32x035_spi.o
 .debug_info    0x0000000000018df5     0x2b87 ./Peripheral/src/ch32x035_tim.o
 .debug_info    0x000000000001b97c     0x1333 ./Peripheral/src/ch32x035_usart.o
 .debug_info    0x000000000001ccaf      0xf26 ./Debug/debug.o

.debug_abbrev   0x0000000000000000     0x5116
 .debug_abbrev  0x0000000000000000      0x5e4 ./User/PD_Process.o
 .debug_abbrev  0x00000000000005e4      0x3dc ./User/button.o
 .debug_abbrev  0x00000000000009c0      0x1cf ./User/ch32x035_it.o
 .debug_abbrev  0x0000000000000b8f      0x2ca ./User/key.o
 .debug_abbrev  0x0000000000000e59      0x2f0 ./User/led.o
 .debug_abbrev  0x0000000000001149      0x335 ./User/main.o
 .debug_abbrev  0x000000000000147e      0x3c0 ./User/my_I2C_Device.o
 .debug_abbrev  0x000000000000183e      0x403 ./User/my_PD_Device.o
 .debug_abbrev  0x0000000000001c41      0x399 ./User/my_PD_Valve.o
 .debug_abbrev  0x0000000000001fda      0x476 ./User/my_SPI_Slave.o
 .debug_abbrev  0x0000000000002450      0x3a9 ./User/signal_led.o
 .debug_abbrev  0x00000000000027f9      0x258 ./User/system_ch32x035.o
 .debug_abbrev  0x0000000000002a51      0x458 ./User/valve_work.o
 .debug_abbrev  0x0000000000002ea9      0x2ed ./User/water_work.o
 .debug_abbrev  0x0000000000003196       0x12 ./Startup/startup_ch32x035.o
 .debug_abbrev  0x00000000000031a8      0x2f7 ./Peripheral/src/ch32x035_dbgmcu.o
 .debug_abbrev  0x000000000000349f      0x34b ./Peripheral/src/ch32x035_gpio.o
 .debug_abbrev  0x00000000000037ea      0x38b ./Peripheral/src/ch32x035_i2c.o
 .debug_abbrev  0x0000000000003b75      0x282 ./Peripheral/src/ch32x035_iwdg.o
 .debug_abbrev  0x0000000000003df7      0x2ea ./Peripheral/src/ch32x035_misc.o
 .debug_abbrev  0x00000000000040e1      0x326 ./Peripheral/src/ch32x035_rcc.o
 .debug_abbrev  0x0000000000004407      0x303 ./Peripheral/src/ch32x035_spi.o
 .debug_abbrev  0x000000000000470a      0x418 ./Peripheral/src/ch32x035_tim.o
 .debug_abbrev  0x0000000000004b22      0x312 ./Peripheral/src/ch32x035_usart.o
 .debug_abbrev  0x0000000000004e34      0x2e2 ./Debug/debug.o

.debug_loc      0x0000000000000000     0x55b3
 .debug_loc     0x0000000000000000      0x704 ./User/PD_Process.o
 .debug_loc     0x0000000000000704      0x51c ./User/button.o
 .debug_loc     0x0000000000000c20       0xf2 ./User/led.o
 .debug_loc     0x0000000000000d12       0x42 ./User/main.o
 .debug_loc     0x0000000000000d54      0x14c ./User/my_I2C_Device.o
 .debug_loc     0x0000000000000ea0      0x121 ./User/my_PD_Device.o
 .debug_loc     0x0000000000000fc1       0xf1 ./User/my_PD_Valve.o
 .debug_loc     0x00000000000010b2      0x161 ./User/my_SPI_Slave.o
 .debug_loc     0x0000000000001213      0x2da ./User/signal_led.o
 .debug_loc     0x00000000000014ed       0x1f ./User/system_ch32x035.o
 .debug_loc     0x000000000000150c      0x4bb ./User/valve_work.o
 .debug_loc     0x00000000000019c7      0x12b ./User/water_work.o
 .debug_loc     0x0000000000001af2       0x7c ./Peripheral/src/ch32x035_dbgmcu.o
 .debug_loc     0x0000000000001b6e      0x863 ./Peripheral/src/ch32x035_gpio.o
 .debug_loc     0x00000000000023d1      0x75e ./Peripheral/src/ch32x035_i2c.o
 .debug_loc     0x0000000000002b2f       0x68 ./Peripheral/src/ch32x035_iwdg.o
 .debug_loc     0x0000000000002b97       0x2d ./Peripheral/src/ch32x035_misc.o
 .debug_loc     0x0000000000002bc4      0x34e ./Peripheral/src/ch32x035_rcc.o
 .debug_loc     0x0000000000002f12      0x429 ./Peripheral/src/ch32x035_spi.o
 .debug_loc     0x000000000000333b     0x19ec ./Peripheral/src/ch32x035_tim.o
 .debug_loc     0x0000000000004d27      0x715 ./Peripheral/src/ch32x035_usart.o
 .debug_loc     0x000000000000543c      0x177 ./Debug/debug.o

.debug_aranges  0x0000000000000000      0xed0
 .debug_aranges
                0x0000000000000000       0xd0 ./User/PD_Process.o
 .debug_aranges
                0x00000000000000d0       0x68 ./User/button.o
 .debug_aranges
                0x0000000000000138       0x28 ./User/ch32x035_it.o
 .debug_aranges
                0x0000000000000160       0x70 ./User/key.o
 .debug_aranges
                0x00000000000001d0       0xd8 ./User/led.o
 .debug_aranges
                0x00000000000002a8       0x30 ./User/main.o
 .debug_aranges
                0x00000000000002d8       0x90 ./User/my_I2C_Device.o
 .debug_aranges
                0x0000000000000368       0x90 ./User/my_PD_Device.o
 .debug_aranges
                0x00000000000003f8       0xb0 ./User/my_PD_Valve.o
 .debug_aranges
                0x00000000000004a8       0xa0 ./User/my_SPI_Slave.o
 .debug_aranges
                0x0000000000000548       0x50 ./User/signal_led.o
 .debug_aranges
                0x0000000000000598       0x28 ./User/system_ch32x035.o
 .debug_aranges
                0x00000000000005c0       0xa0 ./User/valve_work.o
 .debug_aranges
                0x0000000000000660       0x80 ./User/water_work.o
 .debug_aranges
                0x00000000000006e0       0x30 ./Startup/startup_ch32x035.o
 .debug_aranges
                0x0000000000000710       0x48 ./Peripheral/src/ch32x035_dbgmcu.o
 .debug_aranges
                0x0000000000000758       0x98 ./Peripheral/src/ch32x035_gpio.o
 .debug_aranges
                0x00000000000007f0      0x108 ./Peripheral/src/ch32x035_i2c.o
 .debug_aranges
                0x00000000000008f8       0x48 ./Peripheral/src/ch32x035_iwdg.o
 .debug_aranges
                0x0000000000000940       0x28 ./Peripheral/src/ch32x035_misc.o
 .debug_aranges
                0x0000000000000968       0x80 ./Peripheral/src/ch32x035_rcc.o
 .debug_aranges
                0x00000000000009e8       0xb8 ./Peripheral/src/ch32x035_spi.o
 .debug_aranges
                0x0000000000000aa0      0x2f0 ./Peripheral/src/ch32x035_tim.o
 .debug_aranges
                0x0000000000000d90       0xf0 ./Peripheral/src/ch32x035_usart.o
 .debug_aranges
                0x0000000000000e80       0x50 ./Debug/debug.o

.debug_ranges   0x0000000000000000     0x1000
 .debug_ranges  0x0000000000000000      0x138 ./User/PD_Process.o
 .debug_ranges  0x0000000000000138       0x88 ./User/button.o
 .debug_ranges  0x00000000000001c0       0x18 ./User/ch32x035_it.o
 .debug_ranges  0x00000000000001d8       0x90 ./User/key.o
 .debug_ranges  0x0000000000000268       0xc8 ./User/led.o
 .debug_ranges  0x0000000000000330       0x20 ./User/main.o
 .debug_ranges  0x0000000000000350       0x80 ./User/my_I2C_Device.o
 .debug_ranges  0x00000000000003d0       0x80 ./User/my_PD_Device.o
 .debug_ranges  0x0000000000000450       0xc0 ./User/my_PD_Valve.o
 .debug_ranges  0x0000000000000510       0xc8 ./User/my_SPI_Slave.o
 .debug_ranges  0x00000000000005d8       0xa0 ./User/signal_led.o
 .debug_ranges  0x0000000000000678       0x18 ./User/system_ch32x035.o
 .debug_ranges  0x0000000000000690      0x128 ./User/valve_work.o
 .debug_ranges  0x00000000000007b8       0x88 ./User/water_work.o
 .debug_ranges  0x0000000000000840       0x28 ./Startup/startup_ch32x035.o
 .debug_ranges  0x0000000000000868       0x50 ./Peripheral/src/ch32x035_dbgmcu.o
 .debug_ranges  0x00000000000008b8       0x88 ./Peripheral/src/ch32x035_gpio.o
 .debug_ranges  0x0000000000000940       0xf8 ./Peripheral/src/ch32x035_i2c.o
 .debug_ranges  0x0000000000000a38       0x38 ./Peripheral/src/ch32x035_iwdg.o
 .debug_ranges  0x0000000000000a70       0x48 ./Peripheral/src/ch32x035_misc.o